#      This program is free software; you can redistribute it and/or modify
#      it under the terms of the GNU General Public License as published by
#      the Free Software Foundation; either version 2 of the License, or
#      (at your option) any later version.
#
#      This program is distributed in the hope that it will be useful,
#      but WITHOUT ANY WARRANTY; without even the implied warranty of
#      MERCHANTABILITY or FITNESS FOR A PARTICULAR PURPOSE.  See the
#      GNU General Public License for more details.
#
#      You should have received a copy of the GNU General Public License
#      along with this program; if not, write to the Free Software
#      Foundation, Inc., 675 Mass Ave, Cambridge, MA 02139, USA.
#
#	MCA ID and desc.
#
# 	Maintained by Carlos E. Gorges <carlos@techlinux.com.br>
#	If you have any new entries, send them to the maintainer.

# Syntax:
# id	desc

0000	NCR Parallel Bus Memory Card
0001	Internal Options for the C&T 250 Chipset
0011	Internal Options for the C&T 250 Chipset
0012	Internal Options for the C&T 280 Chipset
001D	DR-one SC306 Video Standards Converter
0021	End-user features for the C&T 250 chipset
0022	End-user features for the C&T 280 chipset
0024	ACCTON RingPair 4/16 Token-Ring Network Adapter
0027	Rimfire 5700 Fast SCSI-2 Adapter 16/32 bit capable
002D	Madge 16/4 MC Ringnode
0035	G.V.C. 1200 BAUD 50/60 MODEM
0036	G.V.C. 2400 BAUD 50/60 MODEM
0038	YARC u785+ Coprocessor
003a	STD PSX/386/486 LO-MEMORY Master Upgrade Card
003c	SBA (System Bus Adapter for Union)
0041	3C527B Ethernet Adapter
004e	NCR SCSI Host Adapter Board
004f	NCR 53C710 SCSI Host Adapter Board
0050	Cabletron 4/16-Mbps Token Ring Adapter
0051	Thomas-Conrad TC4046
0061	NCR Dual Channel Ethernet Adapter
0063	RAC/M IX Cryptographic Adapter
0069	FDDI SAS/DAS Adapter
006C	TC5046 16/32 Bit Ethernet Adapter
006E	Aox MicroMASTER 386 32bit ADF v1.5
006F	Aox MicroMASTER 486 ADF v1
0070	F3069 125 MBit FDDI Fiber Optics Network Adapter 
0071	RSHA SCSI-2 or DFB adapter for Storage Concepts RAID-systems
0072	NTX-8023 Etherplex Ethernet Adapter
0074	Madge 16/4 MC32 Token Ring Network 4/16 Adapter
0075	Crescendo CDDI/FDDI Adapter
0076	Type 3 Adapter for RS/6000 to VMEbus
007d	ETR-1000 32-bit Streaming Mode Bus Master Token Ring & Ethernet Adapter
0081	NTDS I/O Board Set for Military Equipment
0083	SK-NET FDDI-FM/FDDI Network Adapter
0086	Orchid Pro II/MC - Tandberg Data
008E	Kingston MC MASTER ADF v2.23 486DX or 486SX upgrade
0092	NCR 53C700 SCSI Adapter
0095	Systech NTX-8023 Etherplex 2048 NVTS Pro
0098	NCR MC Comms. I/F Adapter (MCIA-2)
00c4	Racore Type 1/Type 3/Fiber Optic 16/4 Token-Ring Adapter
00c4	Interlan 16/4 Token-Ring Adapter
00c5	Racore 16/4 Token-Ring Adapter Rev C
0100	NCR 16/4 Token-Ring Adapter/MC
0101	Proteon p1840 ProNET-4 Network Adapter
0130	Proteon p1892 4/16 Mbps Token Ring Adapter
01B2	Cogent E/MASTER III 32-bit Ethernet Adapter
01ba	NCR Dual SIOP SCSI Host Adapter Board
01bb	NCR 3360 SCSI SubSystem
01db	Corvus Omninet I Transporter 1 MBps Single TP Bus Network
0200	Phoenix Board Setup File
0201	96-7015 Dual Gameport Adapter
0202	Proteon p1890 4/16 Mbit/S Token Ring Adapter
0230	NCR MC Comms. I/F Adapter (MCIA)
0280	Systech 6280 Host Adapter
0300	NCR SIMPL SCSI Host Adapter Board
0301	SCSI-2 Host Adapter (various mfg.)
0404	1019-PS2 144 High Density TTL level I/O lines
0425	SuperFax Fax Board
0430	10107 Hardcopy Interface Plotter/Printer Interface
0431	10108 DR11-W Emulator DR11-W DMA emulator
0432	10109 HYPERchannel Adapter Interface
04dc	Omninet/4 Transporter 4MBps Single TP Bus Net
04ff	Viking PS2 Display Controller
0500	CORE CNT-MCK ESDI and Floppy Controller 
0503	Kurzweil Discoverer SCSI Adapter
0504	CNT-ARR Fixed Disk Adapter with CORE Disk Array
0505	1048-PS2 48 High Density TTL level I/O lines
05c7	CNT-SMC8HS 16/32 bit capable SCSI-adapter
05ff	Viking PS2-1600 Display Controller
0606	A/D-D/A converter 8 bit 
0611	Hercules Graphics Station
0616	Jones Futurex Encryption Adapter (Model 526)
0630	MCCA I/O Channel Adapter
063F	Byte Multiplexor Channel Adapter
0700	Proteon p1892 4/16 Mbps Token Ring Adapter
0707	1524-PS2 24 High Density TTL level I/O lines
0708	BusLogic/BusTek/Storage Dimensions 32 Bit Busmaster SCSI-2 Adapter
0709	BusTek/Storage Dimensions SDC3211F Fast SCSI-2 Adapter
0709	CTR0025 Fast SCSI-2 Adapter
0720	NCR 53C720 SCSI Adapter
07F4	NCR SCSI Host Adapter
0800	DR-one Multiple Display Adapter
0803	Madge Ring Node
0808	BICC ISOLINK IEEE 802.3 Network Adapter
0809	3278/3279, 7107/7211 & Videotex Emulation
080E	Madge MC Ringnode (2nd generation)
0813	Analog/Digital-Digital/Analog-TTL-Multifunctionboard
0817	Relays - I/O BOARD
0818	12-Bit 16-Channel Analog to Digital Converter Board
0819	12-Bit 8-Channel Digital to Analog Converter Board
081A	32-Bit Photocoupler I/O-Board
0821	Desktop Conferencing
0A84	Pure Data 16/4 Token-Ring Network Adapter
0A85	Olicom/Intel/Pure Data Token-Ring 16/4 Network Adapter
0A86	Olicom/Pure Data 16/4 Token-Ring Network Adapter
0C83	Olicom PC/MC Token-Ring Network Adapter
0ccf	Accelerator 50/60 for PS/2 50, 50z & 60; 20 MHz
0d0d	CSX8 8-Port Serial Adapter
0ddf	RISComm/uH2 Dual Port Multi-Protocol Adapter
0de0	XGA Display Adapter
0dff	MC-MXI VXI/VME Bus Connection
0e0e	QDB4-PS2 4 Channel TTL level Quadrature Decoder
0eff	Northern telecom Lanstar Card
0f1f	AHA-1640 SCSI-2 Host Adapter, might also be other adapters
0f2f	Lantana Technology Cypress/2 Token Ring
0f5f	Multisync Graphics Engine EIZO GC40
0f7f	PScomm2/4 Serial I/O Controller
0f7f	PSconnect 127 Serial Communications Subsystem
0f8f	UltraNet Network Processor 250 Mbit Serial Data Links
0fbd	SX6132 IPI-2 Disk Controller
0fc7	Wizard Attached Processor
0fcc	D-Link Ethernet Card DE300
0fcd	D-Link Ethernet Card DE300
0fce	D-Link ARCnet Card
0fd6	IPI-3 Tape Controller w/ 1 MB Buffer
0fdf	NI9210 Micro Channel Network Controller
1185	VEN-TEL 2400 modem
16d4	Safe-board ver 1.0 B
16d4	Safe-board ver 1.0 A (old/alternatively)
16d4	Safe-board ver 1.2 B (latest/alternatively)
3420	Alert Technology Game Adapter
35ff	Dual UART Adapter
3db3	M-Motion Adapter
500A	Bus QIC 02 Adapter
5017	MetraByte uCDAS-16G A/D, D/A & Digital I/O Interface
5018	uCMBC-488 IEEE-488 Interface
501C	DT2901/05: Data Translation A/D I/O Adapter
5022	CDI-210S (Sony) CD-ROM Controller for up to 8 drives
5023	PCM Audio Record/Playback Unit
5025	CDI-210H (Hitachi) CD-ROM Controller for up to 8 drives
5028	Emerald SCSI / Micro Channel(tm) Tape Adapter
502E	.5'' 9-Track Tape Controller
5034	MC5-C0 Single Precision FP AT&T DSP32C Co-Processor
5035	Panasonic FX-RS505/RS506 Image Scanner Adapter
5039	Flatbed Scanner Interface
503a	Model 115 Scanner Interface
503b	JLaser 6MC High Speed Gray Scale Laser Printer Controller
503d	DSA-1640 DA R/P Adapter
503e	SCSI Bus Adapter with 0/2/4 MB Ram
5047	GE Fanuc Series 90 Work Station Interface
5048	ACCTON Token Ring RINGPAIR TR1803 MC Adapter
5061	PlusTek SCANPLUS Colour Scanner Adapter
506c	Intel Visual Edge
506e	MIDIator
5073	Bi-Tech 2300 Smart SCSI Interface
5075	Several possible adapters (Serial or Parallel ports)
5076	CNet ARCnet CN190/2 NIC
5077	Rabbit RB77 Remote Communications Adapter
5078	Several possible adapters (Serial or Parallel ports)
507e	Several possible adapters (Serial or Parallel ports)
507f	Several possible adapters (Serial or Parallel ports)
5080	Chi NineTrack Tape Controller
5082	Storage Plus Inc. SCSI Host Adapter
5084	Creative Labs, Inc. - SOUND BLASTER/MCV
5086	Scan-Graphics Compr./Decompr. Accel.
508c	Trantor T228 MicroChannel SCSI Host Adapter 16 bit
508e	Trantor T260 SCSI Host Adapter 16 bit
50a0	Professional Microchannel DG/StarLAN Contr.
50a1	Professional Microchannel DG/LAN Controller
50c0	KEYWORD CB-III
50c1	Artisoft Inc. LANtastic Voice
50c1	Data Translation 2901 Data Aquisition Controller
50cd	200E NIC / C-NET 650E/2 16-Bit Ethernet Adapter
50ce	C-NET 800E/2 NIC
50d2	Jumbo 120/250 Tape Controller with H/W Data Compression
50d4	QIC02 Tape Controller - H/W Data Compression
50f4	HS-MPA-2 High-Speed Asynchronous/Bisynchronous HDLC/SDLC
50f5	Image Compression/Decompresssion Accelerator & Scanner Interface
50f8	FN1730-MC Ethernet Adapter
5101	Several possible adapters (Serial or Parallel ports)
5103	Creative Labs SOUND BLASTER PRO MCV CT5330
5104	M1-310 ISDN Communications Adapter
5108	Procom Technology, Inc. PIRA 55
5114	FN1732-MC Ethernet Adapter
5116	NCR Business Audio with FM Synthesis
511F	NetWorth, Inc. - v Series
5120	NCR IPSNet Board (IPSB or IEIB)
5121	NCR Recognition Accelerator Board 4MB
5124	Emerald Systems SCSI-HAC Tape Adapter
5125	Tecmar QT-60, QT-90, QT-125 Tape Drive
5126	Tecmar Floppy Tape Controller
5127	QIC-02 Host Adapter (several brands)
5128	Tecmar HDE/SCSI Host Adapter
5130	SoundPiper 16/32(tm) Adapter _or_ Tecmar HDE+ SCSI Host Adapter
5136	NCR Audio Adapter w/o FM Synthesis
5137	REPLY SB16 & (TMC-1830) SCSI Adapter
5138	REPLY SB16 Adapter
5150	ChipChat Sound Card
5152	Intel Connection CoProcessor
5156	Intel Channel Connection CoProcessor w/Modem Option
5186	Daitoh SIF-55A SCSI Interface Adapter
51ff	ETen Laser Printer Controller
5260	AT&T PC/PBX Interface Adapter
5278	RPTI-NET 1000M (R1000M-001/3)
5323	Cumulus C5640B SCSI Adapter
5324	InfoSys C5640 SCSI Adapter
5333	National Instruments MC-GPIB IEEE-488 Interface
5347	Invisible Ethernet (With 16K ROM)
5348	Invisible Network Model 300 (With 16K ROM)
5349	Invisible Network Model 200
5353	DIO-32F Parallel Digital I/O Adapter
5356	TOPS FlashCard LocalTalk Adapter
53e1	PS/16 Serial Controller Card for up to 16 Terminals
53ff	ASC-PS2 SCSI Host Adapter (CORE SCSI Host Adapter)
5500	QIC-02 Internal Tape Controller
5502	External Tape Controller
5541	Alert Technology Printer Adapter
5555	EXTERNAL Floppy Controller
55ff	Orchid PCnet Communication Adapter
5600	Cabletron Ethernet Board E3020
5601	Cabletron Ethernet Board E3020-X
5602	Cabletron Ethernet Board E3030
5603	Cabletron Ethernet Board E3030-X
5604	Cabletron Ethernet Board E3040
5605	Cabletron Ethernet Board E3040-X
5606	Cabletron Ethernet Board E3010
5607	Cabletron Ethernet Board E3010-X
5608	Cabletron E3100/3110/3112/3113/3114/3119 Ethernet Adapter
5609	Cabletron E3100-X/3113-X/3114-X/3119-X Ethernet Adapter
5656	Several adapters possible (Serial or Parallel ports)
5666	Scanner Adapter GSII
568B	Maynard QIC-02 Tape Adapter
568D	Maynard SCSI Tape Adapter
56af	ICOT Multiprotocol Adapter
56ce	D-Link (DN-300) 1 MBit Twisted Pair Network Adapter
56ea	D-Link Ethernet Card DE-320CT
5756	Alloy FTC500 Tape Adapter
57df	DFI Handy Scanner HS-3000-II
57fe	Streaming Tape Controller (several brands)
5800	DI400
5802	Borsu SCSI Adapter
5806	MPS Adapter zu Siemens BS2000
5818	Ines IEEE488 Adapter
5822	Small 4 Port Chase Research Intel. Serial I/O
5823	4 Port Chase Research Intelligent Serial I/O
5824	8 Port Chase Research Intelligent Serial I/O
5825	16 Port Chase Research Intelligent Serial I/O
582F	.5'' 9/18 Track Tape Drive Adapter
5830	AXEL Micro Channel Tape Drive Adapter
583d	SCSI Adapter #103C (several brands)
5848	PP153 CD-ROM Adapter
5863	mbp ISDN-Adapter SoLIS-MC
5959	AMS XPRESS 42MC (Class I) Adapter
5962	Alert Technology Serial Adapter
5C04	JBCC Diskette Adapter
5C0f	Land computer SCSI Interface Adapter
5C1c	DCA IRMAtrac 4/16 Token-Ring Adapter
5C1d	DCA IRMAtrac 4/16 Token-Ring Adapter
5cc1	Concord Communications MAP 3.0 Type 1410 Adapter
5ccc	IOtech Personal IEEE-488 Interface
5cec	CEC PS-488 GPIB Adapter
5ced	CEC PS-488 IEEE-488 Adapter
5Cff	GammaFax CMPC Communications Adapter
5d59	Scientific Solutions DAS-1612
5d5B	Scientific Solutions MC IEEE-488
5def	AGA Burst Mode SCSI Adapter
5dff	GammaFax Fax Communication Adapter
5edf	MC-MIO-16 Multifunction I/O card
5eee	HITACHI CD-ROM Adapter
5eef	1 Serial, 1 Parallel Port Adapter
5f2f	Tape Drive Host Adapter
5f51	IDEA Minicom serial controller
5f5D	JPEG Image Compression Accelerator
5f60	Tiara LANcard/A-II ARCnet Adapter
5f77	SCSI Adapter (several brands)
5fa6	Flagstaff Engineering Disk Controller
5faa	Flagstaff Engineering Tape Controller
5fcb	Iomega PC4B/HD SCSI Host Adapter Board
5fce	TR114 Universal Fax/Voice Board
5fd6	ALICE Processor
5fd7	Pentax SB-X4301 Scanner Interface Card
5fd8	8-Port Asynchronous RS-422 or RS-485 Serial Adapter
5fda	RS-422/485 Multi-protocol Communication Adapter
5fe0	4-Port Asynchronous RS-232 Serial Adapter
5fe1	IEEE-488 Interface Adapter
5fe3	2-Port RS-422 or RS-485 Serial Adapter
5fe4	2-Port Asynchronous RS-422 Adapter
5fe4	Digital I/O Board
5fe5	2-Port Game Adapter
5fe6	2-Port Asynchronous RS-232 Serial Adapter
5fe7	Serial Communications/Current Loop Adapter
5fe8	1-Port Parallel Adapter
5fe9	1-Port Serial, 1-Port Parallel Adapter
5fec	4-Port Asynchronous RS-422 or RS-485 Serial Adapter
5ff8	Plus Passport Adapter Board
6000	Tiara LanCard/EII Ethernet/Cheapernet Adapter
6001	Tiara LanCard/E TP Ethernet Adapter
6002	Tiara LanCard/E 10BaseT (AUI/10BaseT UTP) Ethernet Adapter
6007	MCNIC
6011	Computer Logics Ltd. - MicroLogic II Adapter
6014	ARCnet-PS110 (Netware, SMC)
6016	SMC3016 Ethernet Adapter
6018	Gateway Communications G/Ethernet Controller
601C	Multi-Tech Systems MT224PS/ES 300/1200/2400 bps Modem
601F	Hewlett-Packard Scanner Interface Adapter
6020	Cumulus CuRAM-16 Plus 2 MB Memory Multifunction Adapter
6021	Cumulus CuRAM-16 Plus 4 MB Memory Multifunction Adapter
6022	Cumulus CuRAM-16 Plus 6 MB Memory Multifunction Adapter
6023	Cumulus CuRAM-16 Plus 8 MB Memory Multifunction Adapter
6024	Cumulus CuRAM-16 Plus 10 MB Memory Multifunction Adapter
6025	Cumulus CuRAM-16 Plus 12 MB Memory Multifunction Adapter
6026	Cumulus CuRAM-16 Plus 14 MB Memory Multifunction Adapter
6027	Cumulus CuRAM-16 Plus 16 MB Memory Multifunction Adapter
6028	uCPIO-12 or 24-Port Parallel Digital I/O Adapter
6029	uCDAS-8PGA Data Acquisition Adapter
602A	uCCOM-422 RS-232/422 Communications Interface
602B	uCMDB-64 Analog/Digital I/O card
602D	XPRESS 1200 Baud Internal Modem
602D	XPRESS 2400 Baud Internal Modem
602D	XPRESS 9600 Baud Internal Modem with 9600 fax (FAXPACK2)
602F	ARCMASTER Microchannel/ARCnet Interface
6038	DEST Corp. Scanner Controller
603D	DSA-1640 PCM Record/Playback Adapter
603F	MUX EML 5250 Lab Emulation Card
6040	Intel 2400B Modem 2
6042	3Com 3C523B-TP EtherLink Ethernet Adapter
6043	Multi-Tech 3270 Emulation Adapter 
6054	Kronos RS-485 Comm/Key Adapter 6600133-001
605E	AdCom2-I Intelligent Communications Controller
605F	Tiara LANcard/A-II ARCnet Adapter
6060	IDEAcomm 5251 LU Card _or_ Trisystems TRI-010-1 5250 Adapter
6061	3270 Local Communication Card (3278/DFT Gateway)
6065	INS SDLC Adapter
6073	Datacopy MicroFax FAX Adapter
6077	Periscope Model I
6078	8-Port Serial Adapter
608D	Hyperam MC 32/16 SIMM
608E	Hyperam MC 32/16 MF Serial & Parallel ports
608F	HyperPort II
6091	ONBoard2 Communications card RS-232 & X.25
6092	Rabbit RB78 Coax Adapter 3270 emulation
6094	REPLY AT IDE Drive Adapter
6099	uCCTM-05 Multi-Function I/O Board
609A	uCDDA-04 12 bit D/A converter
609B	uCDISO-8 Control Input & Relay Output Interface
609C	WH-uCDB-PAR Analog/Digital I/O-card
609E	MICROTEK MS-PS/2 Interface Adapter
60A1	Software Dynamics MPCC/2
60ac	MICROTEK MS-PS/2 Interface Adapter
60B2	System 100 Multichannel Analyser for Nuclear Pulse Analysis
60B7	Advanced Vision Research MegaBuffer/2
60C2	2-Port Asynchronous Parallel Adapter
60C6	Allen-Bradley Company, Inc. 1784-KT2
60C9	1-Port Bidirectional Parallel Adapter
60D0	Fax Adapter
60df	Rabbit RB74 Remote Communications Processor
60E5	2-Port Asynchronous Parallel Adapter
60E7	MicroWay mW1167-M70/80 w/3167
60E9	Future Domain MCS-700 (TMC-18C50) SCSI-2 Adapter
60ed	MDCB/2 & FDCB/2 Disc Co-Processor Board
60fc	AMS RS232CL or RS422/485-IO MC Adapter (Rev B)
60fe	Datapoint MicroChannel RIM IV Adapter
6100	SC/2 Security Card
6103	SCANCAD 128
6104	2-Port Serial, 1-Port Parallel Adapter _or_ AMS XPRESS-144 MC
6106	Altera LP5 Logic Programmer
610F	AMS IOSIX-6 Adapter
611B	LaserMaster Controller
611C	Compex-ENET/F Network Adapter
611E	Corel LS2000
611F	NetWorth EtherNext Network Adapter
6127	Future Domain MCS600/700 (TMC-1800) SCSI Adapter
612D	DaynaTALK LocalTalk Interface Card
613A	Dialogic VR/81, VR/41 Voice Recognition Adapter
613B	OXUS PS/S0 ISDN Adapter
613D	Rabbit RB75 Remote Communications Processor
613F	SONIC Model 50,60,70,80 Demo Board
6141	DCP-286/MC 1-8 Serial & 1 Parallel Port, Ethernet and 4/16MB Token Ring
6145	UCPIO-24 High Current Parallel Port Adapter
6147	Novell Micro Channel Compatible Key Card
6149	Micro Channel Key Card Extender
614E	CLI 5250 emulation Adapter
6150	Novell NL/2 LocalTalk Adapter
6152	Accent-MC Text-to-Speech Adapter
6157	Novell Remote III Adapter
6161	Encryptor 526 DES-Encryption Adapter
6162	16-Port Serial Adapter
6167	5136-SD-M Allen-Bradley Processor Direct-Link Interface
6168	MIT 24 Digimatic Gages Digital I/O Adapter
6169	Game Port Adapter
616A	NSS Wide Area Network Interface Co-Processor
616C	A-Bus Data Acquisition and Control Adapter
616D	8-Port Intelligent Serial Adapter
616D	16-Port Intelligent Serial Adapter
616E	ValuePort V6 6-Port Adapter
616F	AMS IOSIX-1 Adapter
6175	InfoChip Systems 105 Data Compression Co-Processor
6178	R1000/1200/2000/4000 Test and Measurement Card
6179	8-Port Serial Adapter
617B	Wall Data Datagate/Coax
617E	CompuTone PS8 8-port Controller
617F	AMS IOSIX-2 Adapter
6180	2-Port Dual Asynchronous Adapter
6181	1-Port Parallel Adapte
6182	Lava Link 2400/A Adapter
6183	1-Port RS-422 Adapter
6184	Lava 4/8 MB Extended Memory Adapter
6185	Lava Arclink/A ARCnet Adapter
61A2	Digital Audio Playback Adapter
61A3	Digital Audio Record/Playback Adapter with Speech Recognition
61A4	Digital Audio Playback Adapter
61af	AMS IOSIX-9 Adapter
61B0	2-Port Synchronous Serial Adapter
61B2	SCSI Fixed Disk Controller
61B4	Caere Typist Interface
61B6	Excel Mar-10 Security Adapter
61bf	Intel SatisFAXtion Adapter
61C4	LanWay TR 16/4 Token-Ring Adapter
61C7	AVM ISDN Controller B1
61C8	SMC EtherCard+ Elite BNC/AUI (8013EP) Ethernet Adapter
61C9	SMC EtherCard+ Elite 10T TP/AUI (8013WP) Ethernet Adapter
61cb	Smile Target Adapter
61D5	PDTS Multikey Security Adapter
61D6	1-Port RS-232C/RS-422/RS-475, Isolated RS-422/RS-485
61D7	Advanced Communications Board/Multi-Protocol
61df	8-Port Asynchronous SNA Adapter
61E0	NCR Neural Network Adapter
61E1	MC2450MNP 2400 Baud Internal Modem
61E6	UNIMA Multifunction I/O Adapter
61E8	LASAT PSM96 Prestige / PSM96+ / PSM24 Prestige
61eb	FAXPRO 1402-IO Safety Fax & Modem
61ec	FAXPRO 6000-Paperless Printer
61ed	FAXPRO 3L52-IO Safety Fax & Modem
61F2	8-Port Serial Adapter
61F3	Intelliport II 16-Port Serial Adapter
61F3	Intelliport II Expandable 16-Port Serial Adapter
61fd	Computone PSCC Cluster Controller
61fd	IBM 64-Port Asynchronous RS-232-D Adapter
61fe	Telebit Trailblazer Plus Internal Modem
6201	QuadPort PS/Q I/O Adapter R2 9087
6202	8-Port Serial Adapter
6203	QuadPort PS/Q I/O Adapter R2 9087
6204	FAXPRO 5000-X4 Fax Gateway
6205	Excelan EXOS 215T Intelligent Ethernet Adapter
6206	FAXPRO 4401-IU Safety Fax & Modem
6207	FAXPRO 5000-IU Fax Gateway
6208	FAXPRO 4406-IU Safety Fax & Modem
6209	FAXPRO 4405-IU
620A	FAXPRO 4403-IO Safety Fax & Modem
620C	FAXPRO 3062-IO Safety Fax
620D	FAXPRO 1402-FD Fax & Modem
620E	FAXPRO 1402-IN Fax
6211	NCP 3270 ISDN/2
6213	C1000 IDE Fixed Disk Adapter
6217	Everex Speedlink Ethernet Adapter
621C	8 or 16-Port Serial Adapter
621D	VideoWindows
621F	Hewlett-Packard ScanJet II Interface Adapter
6221	The ITI LinkUp COAX - 3270 Emulation Adapter
6222	The NCI 4700 PCI/MC
6226	Asante Technologies EtherPaC Ethernet Adapter
6232	LaserMaster WinPrinter Controller
6234	DS-11/M Communication Controller
6237	LANSprint High Speed Printer Controller
6247	Lasergraphics RASCOL IV
6250	Half-Inch Tape Drive Controller
6253	Accutouch Touchscreen Controller Model E271-2202
6256	Xionics Lightning Image Accelerator
6258	1-Port Serial Adapter
6259	1-Port Parallel Adapter
625D	5250 Local Emulation Adapter
6262	p1800 ProNET-10 Token-Ring Network Adapter
6263	AC-1070 IDE Controller
6264	ISO-DIO16 bit Digital I/O Adapter
6267	FAXPRO
626B	Apricot AdLOC(tm) Security Card
626C	MS1553 MIL-STD1553B Data Bus Adapter
626F	HYSDN SO ISDN Server
6271	CLI 5250 Emulation Adapter
627A	Kingston Technology Data Master
627C	3Com 3C529 EtherLink III 10Base2 Ethernet Adapter
627D	3Com 3C529 EtherLink III 10Base10 Ethernet Adapter
6283	NCR 53C400 SCSI Host Bus Adapter (HBA)
628B	Intel EtherExpress Ethernet Adapter
628D	Digital EtherWORKS Ethernet Adapter (DE210/DE212)
628E	8-Port Serial RS-232 Adapter
6293	Coaxial Communications Adapter 3270 emulation Adapter
6299	EON-1M Wide Area Network Adapter
629F	Reply AT IDE Drive Adapter
62A9	NCR Recognition Accelerator Board 10MB
62ac	Logitech ScanMan256 Adapter
62af	4-Port Serial Adapter
62B0	16-Port Serial Adapter
62B1	AT&T Intelligent PC ISDN Board
62B6	Arco Electronics AC-1079 IDE SLIM Drive Adapter
62bd	ANET-16/MC ARCnet Adapter
62bf	Attachmate - Advanced SDLC Adapter
62db	VocalCard/Digital
62db	3Com 3c529 EtherLink III Test Mode ???
62E4	Real-Time Financial Information Adapter
62E8	mW3167-PS Weitek 3167 Co-Processor; 3-5 x 80387 speed
62E9	IBM/Kingston PM14400 Internal Data/Fax Modem
62F0	Plexus Advanced Image Processing Adapter
62F3	Micro Channel to VMEbus Adapter
62F4	Memorex Telex 6508 SSI Link Adapter
62F6	3Com 3c529 EtherLink III TP/BNC
62F7	3Com 3c529 EtherLink III TP
62F9	Stallion Technologies EasyConnection 8/32
62fc	The Quadram MainLink IIM - 3270 Connection
62fe	The Quadram MainLink IIM - 3270 Connection
62ff	The Quadram MainLink IIM - 3270 Connection
6300	ProModem 2400
6302	4-Port Serial, 3-Port Parallel Adapter
6306	5136-GE-M GE Fanuc Processor Direct-Link Adapter
630A	Dialogic D/81, D/41 Voice Processing Adapter
6315	Systemizer SC Peripheral Sharing System
6316	MC-HD2 X.25
6317	MC-HD4 X.25
631F	Hewlett-Packard ScanJet II Interface Adapter
6320	MCL-920 Digital I/O and Counter Card
6321	2-Port Serial Adapter
6322	The MicroPort P (1-Port Parallel?)
6323	The MicroPort (1-Port Serial?)
6343	LANtastic 2Mbps Network Adapter
6348	MCL-948 IEEE-488 Adapter
6354	AE/2 Ethernet Adapter (100% NE/2 compatible)
6358	COMTROL RocketPort 16/MC Serial Adapter
6359	COMTROL RocketPort 8/MC Serial Adapter
635A	COMTROL RocketPort 32/MC Serial Adapter
6361	Smartport Communications Adapter 8/16/24/32 Serial Ports
6361	Digi SyncPort/1
6370	PRINT370
6378	Digi SyncPort/1
6379	Assure DES-encryption/Authentication Control Adapter
6384	12-Port LD or CS Serial Adapter
6384	12-Port LD, 12-Port CS Serial Adapter
6384	24-Port LD or CS Serial Adapter
6385	12-Port LD or CS Serial Adapter
6385	12-Port LD, 12-Port CS Serial Adapter
6385	24-Port LD or CS Serial Adapter
6386	96-Port Serial I/O Adapter
6387	96-Port Serial I/O Adapter
6388	Equinox SST-64M Controller (Remote Access)
6389	Equinox SST-128M Controller (Remote Access)
638A	Equinox SST Multiport Controller (Remote Access)
63B3	2-Port Game Adapter
63ca	Hewlett Packard StarLAN-10 Adapter Rev 1.1
63fe	NCR 796 Terminal Emulator
63ff	Local Twinax 5250 Emulation Adapter
6405	IDE Controller for IBM PS/2 model 60 & 80
6406	8-Port Serial Controller
6407	Avanstar 100 M
6410	ATI AT1720AT Ethernet Adapter
6413	ATI AT1720BT Ethernet Adapter
6416	ATI AT1720T Ethernet Adapter
6419	ATI AT1720FT Ethernet Adapter
642F	PS2000 OCR Reader Adapter
6440	NCR In-House DLC Communications Adapter
6442	NCR ISDN Personal Computer Terminal Adapter
6447	Olicom Ethernet 10/100 (MBps???) Adapter
6449	NCR ISDN Data Terminal Adapter
6464	1018-PS2 96 High Density TTL Level I/O Lines
647C	4-Port Serial Adapter
6487	Channel/2 Gateway for NetBIOS Network
6496	CardDrive (1 HD on card and IDE-controller)
6497	CardDrive Plus (1 HD on card, 8 MB ram and IDE-controller)
6498	MiracleStorage disk-controller 
64B6	Thomas-Conrad ARCnet Adapter
64B7	Thomas-Conrad TCNS
64fa	RTI HiLink5 Multiprotocol Communications Adapter
64ff	The Quadram MainLink IIM - 3270 Connection Adapter
6508	uC508 Microchannel ARCnet Adapter
6509	uC8025 Token-Ring Network Adapter
650B	uC8023 Ethernet Adapter
651B	Racore Token-Ring Network Adapter
651D	Racore LANpac II 16 MBit Coax Network Adapter Rev B+
651E	Racore LANpac II 16 MBit Coax Network Adapter Rev A
651F	Racore 16/4 Token-Ring Network Adapter Rev A & B
655B	Wang MC Local Office Connection (MCLOC)
6565	A/D 12 B32 12 bit A/D-converter
6571	Keithley Instruments Series 500 Interface
6578	Exchange Series 515 3270/3780 Interface Adapter
657D	4-Port Serial Adapter
657E	DFL 104 Multi Function I/O Adapter
657F	Attachmate Advanced 3270 Adapter
658A	EMU - IPS Midi-Interface
65ac	ISAC 3200 Security Interface
65D4	Howtek Personal Colour Scanner
65F1	ShineLink 3270 Terminal Emulator (LCS-8848/II)
65F2	ShineNet LAN Card (LCS-8834/II)
65F3	Shine Modem Card (LCS-8824B/II)
6600	ZT/2 IEEE-488 Adapter
6612	Evercom 24 Modem
6666	SYSTEM GOLD Communications Card
6674	DayStar LocalTalk Adapter
6688	MC-8 Intelligent Multi-Serial Controller
66C0	PowerPorts 8/16/32
66ef	4-port Shielded TP interface for Terminals to SUN?!
675F	Memorex Telex Universal/1472 3270 Coax Adapter
6767	3270 Coax Adapter
6769	Hardlock Double Double Face Card
676B	Aquila Communications ARCnet
677F	ATTACHMATE - Advanced 3270 Adapter
6780	4-Port Serial Adapter
6781	1-Port Serial Adapter
6782	1-Port Parallel Adapter
6783	1-Port Serial, 1-Port Parallel Adapter
6784	2-Port RS-422/RS-485 Serial Adapter
6785	1-Port RS-422/RS-485 Serial Adapter
6786	2-Port Parallel Adapter
6787	4-Port Serial Adapter
6788	4-Port Serial Adapter
6789	4-Port Serial RJ-45 Adapter
678B	2-Port RS-232 Serial Asynchronous Adapter
678C	2-Port RS-232 Serial Asynchronous Adapter
678D	4-port Serial, 1-Port Parallel Adapter
678F	BBS GPIB-3000
6790	4-Port Serial Adapter
6791	1-Port RS-232 Asynchronous Adapter
6792	2-Port Serial Adapter / 1-Port Parallel Adapter
6793	1-Port Serial, 1-Port Parallel Adapter
6794	2-Port RS-422/485 Differential Serial Adapter
6795	1-Port RS-422/485 Asynchronous Adapter
6796	1-Port Bidirectional Parallel Adapter
6797	2-Port Bidirectional Parallel Adapter
679F	GPIB/IEEE 488 Adapter
67B0	LANtastic(R) NodeRunner 2000M/TC AE-2 MC Ethernet
67bf	Motorola 68020 Co-Processor
67C0	2-Port RS-232 Serial Adapter
67C1	2-Port Asynchronous/Synchronous Adapter
67df	RAC/M II Security Adapter
67E0	2-Port Serial RS-232/422/485 Controller
67E1	8-Port Serial Controller
67E7	G/S+ Gameport Adapter with RS232 Serial Port
67ea	IRIScom III Coax Adapter 3270 Emulation Adapter
67F0	PGS LS300/LS300F Scanner Adapter
67F8	4 or 8-Port Serial RS-232/422 Adapter
67fd	Control Systems Artist 12 MC Graphics Controller
67fe	Control Systems Artist 16 MC Graphics Controller
67ff	Formwriter Adapter/Print Controller
6869	ATronics Int. Inc. ATI-MC100 IDE controller
6870	4-Port Serial Adapter
68ee	CCP-PS-V-0900 2780/3780/3270/3741 Adapter
68ee	CCP-PS-V-0930 3270 Adapter
68ee	CCP-PS-V-1900 3270 Adapter
68ee	CCP-PS-V-3900 3270/3770 Controller
68ee	CCP-PS-V-4900/4940 X.25 Adapter
68ee	CCP-PS-V-6930/6950 3270 Emulation Card
68ee	CCP-PS-V-9910 3270 Adapter
68ff	Research Machines Z-Net LAN Controller
6954	MicroCAT Ceasurement Co-Processor
6971	4-Port Serial Adapter
69dc	CorNet ARCnet Adapter 
69dd	TokenNet 1000 5 MBit LAN Adapter
69E0	2-Port Serial RS-422/485 Adapter
69E1	2-Port RS-232 Serial, 1-Port Parallel Ports
69E7	COMLIB 2
69eb	Voicecard 2000
69ec	IF-330 9-channel Counter/Timer Adapter
69ef	Kortex 9600 SDLC
69F0	Phase 1 Adapter
69F2	5250 Local Emulation Adapter Model 3M50
69F8	Tape Drive Controller
69F9	IBEX Intelligent Serial-Communication Controller
69ff	ARC 500 LAN card
6A01	BXM 44-3 BITBUS Controller Board
6A03	INMOS IMS B017 TRAM Motherboard
6A0A	IF-800 Universal (E)EPROM Programmer
6A12	OST RNIS ISDN Adapter
6A13	XYNOX Modem
6A14	NCR WaveLAN Network Adapter
6A15	SAKHR Arabic ROM Card (Model AX35)
6A17	PS Timer DIO/2 24 Digital I/O lines Adapter
6A18	PS DIO 48/2 48 Digital I/O lines Adapter
6A1A	8-Port Serial Adapter
6A22	RM Ethernet Adapter
6A27	SY123 Synchronous/Asynchrous Modem (with optional FAX)
6A2D	9100 Kit
6A30	MC14 48 line Digital I/O Interface
6A31	MC30 Multipurpose I/O Interface
6A3A	CONNECT INT. Ethernet Adapter ETH MC-01
6A3C	T.D.T. Single Pad Karte Synchronous Adapter
6A40	Microeye Picturebook Adapter
6A41	Evaluator Channel 1
6A42	Evaluator Channel 2
6A43	Evaluator Channel 3
6A44	Evaluator Channel 4
6A46	Sto//mann SICC-MC-X25 Communications Card
6A47	Scanner Interface Model CT 1020
6A48	Connection Board for Expansion Chassis Model CT 971
6A4A	PE 117 Smart Card Security Device
6A4E	INTERTEX IX22 Data/Fax Modem
6A51	IBEX SERCOM2
6A57	Olitec Modem (with optional FAX)
6A59	AC-2060 ESDI Controller (up to 4 ESDI HD's)
6A5A	MainLan Ethernet Adapter
6A5C	Specialix RIO MC Host Intelligent Communication Card
6A62	PSP400 Cryptographic Module
6A65	PCX.21 P/A Multi-Protocol Communication Adapter
6A6C	8-Port Intelligent RS-232C/RS-422 Serial Adapter
6A73	UNINA QUINTET MC BOARD
6A76	IF-120 Optocoupler Card
6A77	IF-140 32 bit Digital I/O, 16 bit Counter
6A78	IF-230 Multifunction Card
6A79	IF-450 Intelligent RS422/RS485/RS232-Interface
6A7A	IF-600 Reed Relay Card
6A7B	2-Port Parallel Port Adapter
6A7C	Security Adapter
6A7F	M-Series BBC I/O Adapter
6A82	IDA Centronic Interface Rev. 80.2
6A84	MC-FUT X.25
6A8D	Quattro PS Modem
6A90	DragonDictate Speech Adapter
6A93	ISDN-S/2 Adapter
6A99	Racal DataCom Security Module
6ab4	Mayze Systems Ltd - Syncro 24PS V26bis Modem
6ab5	Mayze Systems Ltd - Syncro 48PS V27ter Modem
6abA	PTE Cad Genius Graphics Adapter
6abF	RM Ethernet Adapter
6ac2	SNM 12 Modem
6ac3	SNM 16 Modem
6ac6	SIO-4 Serial Input/Output Communications Card
6acB	PIO-48 Programmable Input/Output Card
6acF	Modem Fonio R.C. Sysnet SMF-22
6ae0	SCSI Fixed Disk Controller
6ae2	Polytel Super Keycard
6ae7	Dacom Asyncronous Modem Version 1.0
6afB	Miracom Keycard/PS Modem
6afD	SKNET Ethernet Adapter/G
6afE	QIC-02 Tape Drive Controller
6B06	NCPe 3270 COAX Adapter
6B06	Cristie SCSI Adapter
6B0F	Siemens BAM-Adapter
6B19	MUNIN/2 Communications Card
6B1A	KEL2IF CNC-machine Simulation Board Interface
6B1B	REDIO RAMPA Engineering Digital I/O Card
6B21	Compu-Shack CS-E-MC Ethernet Adapter
6B28	Mainlan Network Adapter
6B29	Techland Synchronous Communication Adapter
6B2C	XIONICS XIP-D Image Processor
6B4D	PCX.21 N/A Multi-protocol Communication Adapter
6B5E	Unima Modem PCTEX4PS2
6B6F	MC-Fax 2000
6B74	La Commande Electronique LCE 1245 Modem Adapter
6B76	Network Designers Ltd Garnet 2 Card
6B78	Network Designers Ltd Onyx Card
6B80	Dataflex Design Professional Modem
6B84	NCPe Multiboard 3270 gateway for up to 32 PCs and printers
6B8D	MMR VTD/5MC Multiple Protocol Adapter for BULL Systems
6B8F	M6520 ARCnet 4-port Internal Active Hub Master Controller
6B94	CORE ESDI Fixed Disk Controller
6B95	CORE ESDI Fixed Disk Controller
6B9A	CC Industry Standard Multiport Serial Controllers
6B9B	Specialix SI/PS Intelligent I/O Controller
6B9C	HWF-MC2 Intelligent Serial Communication Card
6B9D	SWF-MC1
6ba5	COMTES SDX-Adapter
6ba7	T.D.T. Single Pad Karte Asynchronous Adapter
6ba9	HEMA Transputer Adapter (1-16 MB DRAM)
6bb6	MARCP2 ARCnet Adapter
6bbA	APRICOT Internal Ethernet Controller
6bbB	BARR/6BBB High Speed RJE/3270/HASP/3780 Adapter
6bbC	Apricot Internal Synchronous Communication Adapter
6bbE	1-Port Serial Adapter or 1-Port Parallel Adapter
6bbF	M6600 Ethernet Adapter
6bc0	M6620 Ethernet Adapter w/Boot PROM Option
6bc1	M6550 16-bit ARCnet Adapter
6bcB	CONNECT ARCnet Adapter
6bd0	Fury 2400 PS/MNP Internal Modem
6bd1	SOTEC Telbuch-Adapter for TBD_MAIN
6bd2	RAFI Btx-Adapter
6bdB	Network Baseband Adapter
6bdB	Devlonics Terminals DUO Modem
6be2	PCC Multiport Serial Controllers
6be4	Promdisk Solid State Disk Drive with 3MB Capacity
6be5	Promdisk Solid State Programmer
6be6	2-Port RS-232C Adapter with 512 KB Memory
6be7	Symicron DTSX 12 Token-Ring Network Adapter
6be8	PS Proto/2 Prototype Microchannel Card for Development
6be9	SKNET Ethernet Adapter
6bf1	PS Elite/2 IEEE 488 Adapter
6bf2	Carte Modem KORTEX
6bf3	ACF REINSA OMNILINK 232/C REINSB
6bf4	ACF REINSA OMNILINK 422 serial ports 422/485
6bf5	1-Port Serial, 1-Port Parallel Adapter
6bf8	Serial Communication Adapter
6bf8	Remote Communication Adapter 3270/3780/5250
6bfD	PCX.21 Multi-Protocol Communication Adapter
6Bff	Torus Ethernet Adapter
6C01	JBCC Magnetic Card Reader Adapter
6C06	Sanyo CD-ROM Adapter
6C07	Kyocera ImageScanner Interface Adapter
6C0F	Roland MIDI Processing Unit
6C3A	ModConnect 984 Data Acquisition Controller
6C3B	SM85/Modbus Plus Communication Adapter
6C67	1-Port Industrial RS-422/RS-485 Serial Adapter
6C68	2-Port RS-422/RS-485 Serial Adapter
6C69	1-Port PAMUX Parallel Port Bus I/O Adapter
6C6C	ICD 1021-PS2 216 High Density TTL level I/O lines
6C6F	IDEAmax
6C72	COMTROL HOSTESS/MC 8 Port Serial Adapter
6C7C	Warp Speed - Phaser Two - Light Pen Port
6C7E	Jovian Logic Corp. SYLVIA
6C7F	Super VIA Video Capture Card
6Cbb	DATEM dDCM800 BITBUS Interface Adapter
6cc7	CCS7 Attachment CCITT SS#7 Network Adapter
6cdF	8-Port Asynchronous RS-232/RS-422/RS-485 Serial Adapter
6ceC	GAT Coprocessor
6cfD	OPTIPAC Series 250
6D6D	EICON TECHNOLOGY : Laser Printer Adapter
6D6E	Compu-Shack ARCnet Adapter
6D73	COMTROL HOSTESS 550/MC 8 Port Serial Adapter
6D77	ClusterPort/S Workgroup Concentrator
6D78	Memorex Telex 3270 Coax Adapter
6Dac	Logitech ScanMan Adapter
6Dbb	Multi-Tech Systems MT224ES7
6Dbe	Fraser's Hill FHL-8124 Communications Adapter
6dd4	FasTalk 9600/V.42bis Internal Modem
6dd5	Sync-Up 9600/V.42bis Internal Modem
6dd6	Sync-Up 201
6dd7	Sync-Up 2400 Internal Modem/V.26
6ddD	1-Port Accelerated Parallel Port Adapter
6de0	Sync-Up 9600 Internal Modem
6de1	Sync-Up T9628B
6de2	Fastalk V.32 Internal Modem
6de3	Fastalk 2400 Internal Modem
6de4	Fastalk 1200 Internal Modem
6de5	Sync-Up 2400 Internal Modem
6de6	Sync-Up 201/212
6de7	Sync-Up 208/201
6deB	Twinaxial 5250 Emulation Adapter
6deB	Multimodem II Series 300-14k4 with FAX
6deD	U.S. Robotics Courier 2400 Internal Modem
6deF	DEC EtherWORKS Ethernet Adapter (DE210/DE212)
6df0	3XTwin 5250 Emulation Adapter 
6df1	3XPlus 5250 Emulation Adapter
6df4	3XPlus Rev. B 5250 Emulation Adapter
6E03	Contex SCSI Adapter
6E6C	IBM Audio Capture & Playback Adapter
6E6E	EiconCard HSI and SPCC Communications Adapter
6E78	IRMA2 3270 Mainframe Network Adapter
6E79	IRMA3 Convertible 3270 Coax Adapter
6E7A	DCA Link Adapter
6E7C	DCA Intelligent Synchronous Communications Adapter
6E7D	DCA Smart Alec 5250/90
6E7E	Linkup M/COAX
6ea0	Advanced Twinax Adapter 5250 Emulation Adapter
6Ebe	Applied Creative Technology Systemizer MSC
6ec6	SMC TokenCard Elite Token-Ring 16/4 Adapter
6Edd	U.S. Robotics Courier Internal Modem
6ee7	IMC Corp. PCnic I1 Ethernet Controller
6eeE	Sync-Up/2 Multi-Protocol Adapter
6ef0	10NET/StarLAN Network Adapter
6ef1	10NET Ethernet/ThinNet 10Mbps Coaxial LAN Adapter
6ef2	10NET Ethernet/ThinNet 10Mbps TP LAN Adapter
6ef8	IRMA3T 3270 Coax Adapter
6Eff	CLEO MC/201/212AT Internal Modem
6Eff	3780Plus 2780/3780 RJE Adapter
6Eff	CLEO Synchronous Interface Board
6F01	Hayes Smartmodem 2400P Internal Modem
6F04	Hayes Enhanced Serial Port Adapter
6F0A	CAMAC Interface (Model 2928-Z1A) I/O
6F14	Ven-Tel 14400 Internal Modem with Fax
6F24	Ven-Tel 2400 Internal Modem
6F4B	RTI-220 Analog Input/Output Expansion Board
6F4D	RTI-217 High Density Digital Input/Output board
6F4E	RTI-205 Multifunction Analog/Digital Input/Output Board
6F4F	RTI-204 Analog Input and Digital Input/Output Board
6F57	Octocom OSI8224APS Internal Modem
6F58	INTERTEX IX33 Internal Modem with Fax
6F5B	RTI-222 Analog Output Expansion Board
6F6B	AccuSpec Spectroscopy Adapter
6F6F	EICON Single-Port Communication Coprocessor
6F77	Lantana Tech. Inc. Tamarix/2 Ethernet Adapter
6F78	Siter Arabic/English 3270 Coax Adapter
6F7E	Street Electronics 'ECHO' Speech Synthesizer
6F94	Screen Machine Adapter
6Fad	CodeNet 8320/8321/8322 Fiber Optic/Infrared Ethernet Adapter
6fb0	Natural Microsystems VBX200
6fb3	SCS Communications Coprocessor
6fb4	STACKER MC/16 - Data Compression Co-Processor Card
6fb5	1-Port Serial, 1-Port Parallel Adapter
6fb6	Canmax DLC 01 Serial Communication Adapter
6fb9	Attachmate - 19.2 Kbps SLDC Adapter
6Fbb	Racal Vadic - 2400 Internal Autodial Modem
6Fbe	X-Link File Accelerator
6Fbf	Natural MicroSystems WATSON Board _or_ VBX Systems Digital Voice-processing System
6fc0	WD EtherCard PLUS Ethernet Adapter (WD8003E/WD8003ET)
6fc1	WD StarCard PLUS StarLAN Adapter (WD8003ST)
6fc2	WD EtherCard PLUS 10T StarLAN Adapter (WD8003W)
6fc9	DIO168PS2 168 Point Parallel Digital I/O Interface
6Fcb	Practical Peripherals PM2400 Internal Modem
6Fcc	4-Port Intelligent Communications Adapter
6fd2	DNC 6000 Data Collection Easy Network Concentrator
6fd7	CHI Communications Adapter
6Fdb	DIO-24 Digital I/O interface
6Fdd	ICC/Intercom Adapter
6fe4	Digi MC/16 Multiport Serial Adapter
6fe5	Digi MC/8 Multiport Serial Adapter
6fe6	Digi MC/4 Multiport Serial Adapter
6fe7	Digi MC/2e, MC/4e, and MC/8e Multiport Serial Adapter
6fe8	Digi MC C/X2 Adapter Card
6fe9	Digi MC/4i or MC/8i Multiport Serial Adapter
6Fea	Digi RS-422 MC/4i or MC/8i Multiport Serial Adapter
6Feb	Digi MC/16i Multiport Serial Adapter
6Fec	Digi MC C/X Multi-Channel Cluster Controller
6Fed	Digi ISDN NetLINK
6ff0	Multiport Communications Adapter (8 Serial Ports)
6ff1	1-Port Serial, 1-Port Parallel Adapter
6ff2	2-Port Serial Adapter
6ff3	3270 Emulation Local Communication Card
6ff6	Modem Digicom SNM
6ff6	MC-40 4-Port Fiber Optic Interface for Graphic Terminals
6ff7	PC Communications Ltd Breakout 2400 Internal Modem
6ffC	Jovian Logic Corp. VIA
6fff	Devlonics Terminals CDD155 Controller _or_ Interactive Images Touch Screen Adapter
7000	AST Advantage 286 0-8Mb
7001	AST Advantage 286 with 2-Port Serial Option
7002	AST Advantage 286 with 1-Port Serial & 1-Port Parallel Option
7003	AST RampagePlus 386
7005	AST RampagePlus 386 with 1-Port Serial & 1-Port Parallel Option
7007	Hyperam 32/16 Memory Card
7010	Tecmar MicroRAM 386 Multifunction Board
7011	Tecmar MicroRAM AD Multifunction Board up to 8 MB memory
7012	Ungermann & Bass Net/One NIUps Ethernet Adapter
7016	Boca Research Model 50/60 Memory Expansion Board
701A	Calera TrueScan
7020	2 Meg Expanded/Extended Memory Multifunction Adapter
7021	4 Meg Expanded/Extended Memory Multifunction Adapter
7022	8 Meg Expanded/Extended Memory Multifunction Adapter
7024	QUADMEG PS8 Extended Memory Multifunction Adapter
7025	CuRAM 32+ Extended Memory Multifunction Adapter
7026	Cumulus 2400 Baud Internal Modem
7027	Cumulus CuPORT-SSP 2-Port Serial, 1-Port Parallel Adapter
7028	Distributed Serial Communication Adapter
7038	MICRON Beyond 70/80 Memory Expansion Adapter
7046	Alloy IMP8/PS Controller
7047	Alloy IMP2/PS Controller
7048	Excelogic/Edsun Micromem Board
7049	Memory Boardi (several brands)
704A	CPI 2400 Baud Modem Board
704E	IBM Video Capture Adapter (NTSC)
704F	NCR Multi-Protocol Communication Adapter
7050	AST RampagePlus
7051	AST RampagePlus with I/O Pak/S Option
7052	AST RampagePlus with I/O Pak/SP Option
7055	KF9100/9200 Kofax Document Processor
705F	4MB Memory Expansion Card
7064	IBM Cash Register Communications Adapter
7069	Dual Asynchronous Card
706A	Monolithic Systems JustRAM/8 Memory Board
706C	Corvette Display
706D	Aox MicroMASTER 486/386 ADF v1.4
706E	Aox MicroMASTER 486/386 ADF v1.04
706F	Aox MicroMASTER 386
7071	Integra I Fault Tolerant Disk System _or_ PacStor SCSI Host Adapter
7074	Video Capture Adapter
707C	JLASER-6
707D	8x4-Port Serial I/O System
707E	Irwin 4100 Controller
7081	AST Advantage 386 Adapter with 2-Port Serial
7082	AST Advantage 386 Adapter with 1-Port Serial, 1-Port Parallel
7083	AST Advantage 386 Adapter 0-8 Mb
7086	CRi 'Coherent Processor' Content Addressable Memory
708D	RT1000 SCSI Host Bus Adapter
708E	Kingston KTM-8000/286 Memory Expansion Adapter
708F	Kingston KTM-8000/386 Memory Expansion Adapter
7090	AST-5251/11A Enhanced Adapter (normal/16K/32K/64K Pagesize)
7091	AST-3270/CoaxIIA Adapter
7092	AST-CC432 Adapter (423 ??)
7093	AST-CC832 Adapter
70B0	Intel Above Board 32
70B6	Nokia Data System Adapter Board 8859
70C0	Zenith Z-LANCard BroadBand Network Adapter
70C3	High Speed Communication Adapter
70C4	EXC-1553 Military Standard 1553 test and simulation card
70C9	Twinaxial 5250 Emulation Adapter
70cd	S502M SDLA Adapter
70cd	CLI 5250 Gate-SDLA Communication Board
70ce	IBM Video Capture Adapter (PAL)
70D0	Kingston KTM-16000/386 Memory Expansion Adapter
70D1	Intel Above Board
70D4	KINGSTON KTM-609/16 Memory Expansion Card
70D7	AdLib Music Synthesizer Card
70D8	Xtend 16 Memory Expansion Board
70da	VSLAN/VNSO-MCAE-100 Multilevel Security Interface
70dc	Memory Expansion Card (several brands)
70de	Compex ENET16-P/U Ethernet Adapter
70df	EXC-1553MCBA Military Standard 1553 Test & Emulation Card
70E1	Twinax 5250 Terminal & Printer Adapter
70E4	ThunderBYTE PC Immunizer Virus-Guard
70E6	ixOne ISDN Adapter
7101	ECC MEM 32 bit Memory Adapter
7108	All Card Mk. IV CPU/Controller & Memory upgrade
7109	SuperPort Serial Multi-Port System
7113	Stallion Technologies EasyConnection 8/64
7119	Simple Technology Inc. 2-16 MB Memory Expansion Card
7125	PIRA IDE-Controller
7130	NCL 600 SCSI Host Adapter
7151	NE/2-32 Ethernet Adapter
7152	Novell Disk Coprocessor Board
7154	NE/2 Ethernet Adapter (several brands) 
7180	Parity+ Model P32110
7181	Parity+ Model P16110
7188	QIC-02 Adapter (several brands)
71B0	Cumulus CuPORT-P Parallel Port Adapter
71B1	Cumulus Silhouette Adapter
71bf	Cumulus CuRAM-32 Memory Expansion Card
71cd	X-Comm X.25
71D0	Kingston 64MB Memory Expansion Adapter
71D4	Kingston DataCard
7200	Gateway SyncLink Communications Adapter
7201	Unified Serial Adapter
7202	Several different adapters possible
7203	MicroGate DSC Adapter
72F1	(DAYI) Chinese-Input Interface Card
72F3	Hyperam 32/16 SIMM-MF
72F6	Hypertec HyperPort II
72F7	ETen Chinese Font Card
72fc	QIC-02 Tape Adapter (LCS-6818/II)
7300	MicroGate 2780/3780 Adapter or Internal Modem
7321	The Pink Board - 0-4 MB Memory Expansion Card
7322	The Super Pink Board - Memory Expansion Card
73ec	AIC HBA SCSI Device Controller
73ff	OmniTel Encore 2400 bps Internal Modem
7400	SV32 SDLC Adapter with 9600 bps Synchronous Modem
7401	QIC80 Tape Drive Controller (several brands)
7411	Quadboard PS/Q Multifunction Adapter (pri. ID)
7422	Quadboard PS/Q Multifunction Adapter (sec. ID)
7430	Xtend 32 Memory Expansion Board (up to three cards)
7491	Tecmar MicroRAM SC Extended Memory Adapter
74fd	NCR 3421 SCSI Controller
7520	ALR AT Embedded Adapter
7561	Alert Technology Serial Adapter
757F	32-bit Extended Memory Adapter for PS/2 80
75ff	Trantor SCSI Host Adapter
76da	QUADMEG PS/Q Mem.Adapter vR1 .. ENH-MODE (primary)
76de	QUADMEG PS/Q Mem.Adapter vR1 .. ENH-MODE (secondary)
777D	Elite 16-386 Memory Expansion Card
777F	Elite 16 Memory Expansion Card
7788	Intel Above Board 2+
77df	RAMbank-II Memory Expansion Adapter
77fb	Everex 4 Megabyte Memory Board EV-136
77ff	Alloy HI-2 PC Expansion Bus Interface Card
7800	RED 8514/A Graphics Accelerator
7803	PS Multiport Adapter
780C	AD/DA 110 Card
781C	C.O.S MCLW VER 4
781E	Several different adapters possible
7823	Extra Memory Adapter
7825	IB-232-16-Ultimate RAM System
7826	IB-232-32-Ultimate RAM System
7878	PIICEON SR32BMCI 16/32 Bit Memory 1(2?) serial, 1 parallel
787B	800E/2 NIC
787C	800E/2 NIC
7A7A	Boca Research BOCARAM+ Memory Expansion Card
7B7F	Memory Card (several different brands)
7C36	Contex Scanboard
7C5A	.5'' 9-Track Tape Drive Controller
7ceB	One Chip Plus Engineering Development Kit
7ceC	Capital Equipment Corp. OS/RAM4 Memory Adapter
7ceD	Capital Equipment Corp. OS/RAM8 Memory Adapter
7Cee	Capital Equipment Corp. OS/RAM32 Memory Adapter
7ceF	Capital Equipment Corp. OS/RAM32+ Memory Adapter
7D7F	Orchid RAMquest Extra 16/32 v1.1
7ddE	Mountain 16 Bit SCSI Host Adapter
7df0	SYSGEN PST100 Tape Adapter
7df1	SYSGEN PSH200 SCSI Host Adapter
7E76	.5'' 9-Track Tape Controller
7E7F	AccuLogic SIMMply RAM
7ec0	ACCULOGIC SIMMply RAM/32
7ee4	Anchor PS24 Modem Adapter
7eeF	The Coax Connection ?!?!?!?
7Eff	The Coax Connection ?!?!?!?
7F00	COMPEX ANET16 ARCnet Adapter Rev.D1
7F01	Procom 16-Bit SCSI Adapter
7F3F	NCR 4700 Banking Card
7F4C	NCR 53C94 SCSI Controller
7F4D	NCR 3421 SCSI Controller
7F4E	NCR SCSI Host Adapter
7F4F	NCR SCSI Host Adapter
7F7D	2400 Baud Internal Modem
7F7E	Orchid RamQuest Extra
7F7F	Several different adapters possible
7F8F	EXABYTE/TALLGRASS SCSI Adapter
7F99	Digi MC/4i or MC/8i Multiport Serial Adapter
7F9A	Digi RS-422 MC/4i or MC/8i Multiport Serial Adapter
7F9B	Digi MC/16i Multiport Serial Adapter
7F9C	Digi MC/Xem Host Adapter
7F9D	Digi EPC/X Host / SyncPort MC Adapter
7F9E	Digi MC IMAC Adapter
7Fab	Hyperam MC EXTend S
7Fae	XTEND Renaissance Expansion Board Memory and CPU upgrade
7fb3	NCI BANC-Ring MAU-less Token-Ring 16/4 Network Adapter
7Fbe	FTG PXL-480 High Resolution Lightpen Board
7Fce	Several different adapters possible
7fd5	NCI 4700 3270 Emulation Adapter
7fd8	Koax 3270 Adapter
7fe9	Several different adapters possible
7Fea	Digi RS-422 MCd/4i or MCd/8i Multiport Serial Adapter
7Feb	Several different adapters possible
7Fec	CSM Inc. SCSI Host Adapter
7ff7	STB RapidRAM 2/8 Memory Expansion Card
7ff9	IOMEGA PC4 Host Adapter
7ffA	Iomega PC4B/50 SCSI Host Adapter
7ffE	Micro to Mainframe Product
8000	AHEAD Systems Inc. VGA Enhancer
8002	AHEAD Systems Inc. VGA Enhancer-Z Rev. A
8007	Vermont Microsystems Page Manager 100 (Model 2xx ??)
8009	Vermont Microsystems COBRA
800D	PIXELWORKS Ultra Clipper Graphics Subsystem v1.1
800F	Microcomp DR-one MultiVGA
8010	Microeye 1C Video Digitiser
8015	ETAP NEFTIS/20 or ATRIS/20 (A,B) Display Adapter
8016	ETAP NEFTIS/20 or ATRIS/20 Display Adapter
8023	SPEA - Flash 2
8025	ELSA XHR Spectra Video-Board
8027	ELSA XHR Alpha Video-Board
8028	VideoLogic DVA-4000 Adapter
8029	Datagraph Pixelstar
803B	SPEA Graphiti Flash (1-GS/HE or 1-P)
803C	Rasterex AK Graphics Board
803F	RM High Resolution Monochrome Display Adapter
8044	Several different adapters possible
8048	Sigma Designs' L-VIEW
8051	Egs-VGA
8052	Liberty Graphics Board
8053	Rasterex Light Graphics Board
8054	GS80B
8055	GS16B
8057	Microeye Video Output Board
8058	Frame Buffer and High Resolution Monitor Model CT 820
805B	ELSA XHR Gemini Graphic Subsystem
8060	High Resolution Graphic Board
8065	Videogenesis/24
8067	New Media TV Tuner (NTSC)
8069	MiroMAGIC Graphic-Controller
8077	Periscope 1
807B	KF-9200 Document Display System
807F	MDSI / JURDA 17-Zoll Video Adapter
8080	Control Systems Artist 10/16 VGA Adapter
8081	Telesensory System Vista Adapter
8085	Truevision TARGA+
8088	ATI 8514A/Ultra Graphics Adapter
8089	ATI Graphics Ultra Video Accelerator (VGA Enabled)
808A	ATI Graphics Ultra Video Accelerator (VGA Disabled)
8099	9GX Pepper Pro1024 Graphics Adapter
809A	9GXi Graphics Co-Processor
80A5	Cornerstone DualPage Adapter 
80A6	Cornerstone ImageAccelerator Adapter 
80A9	Intel ActionMedia i750 DS1 DVI Adapter
80ab	ATC-1148 Flat Panel Display Adapter
80ac	PageView
80ad	SilverView
80ae	Sigma Designs' L-VIEW with VGA Emulation
80af	Sigma Designs' PageView _or_ Cornerstone Dualpage Adapter
80B0	AHEAD VGA Enhancer-Z
80B3	IBM M-Motion Video Adapter
80B7	Radius SVGA MultiView
80C3	ARTIST XJS Graphic Controller
80C4	ARTIST TI16 Graphic Controller
80C5	ARTIST 1000 Series (10000 ??)
80C7	ARTIST 1000i Series (10001 ??)
80C9	SilverView
80ca	Sigma Design's MultiMode 120
80cb	Arlunya SC306 Standards Converter
80cc	Microfield T8/2 High Resolution Graphics Controller
80E6	RasterOps ColorBoard 1024
80E7	Nth Engine 330 Display Controller
80E8	Matrox MG-104/108-M Adapter
80ec	Matrox MGA Video Adapter (V0.02)
80ee	ILLUM-16 Video Graphics Board
80F2	Tseng Labs ET4000 VGA Adapter
80F6	RasterOps ColorBoard 1024
80F8	PG2-1281 High Resolution Graphics Controller
80F9	Micro Display Systems Inc 34010 Monochrome Video Adapter
80fc	STB PowerGraph VGA Adapter
80fd	STB MVP ERGO VGA Adapter
80ff	GalaGraph Mercury Graphic Board
8100	AHEAD Eagle-I VGA Adapter
8102	Colorgraphics Corp. Dual VGA Adapter
810E	DrawingCard
8110	Radius TPD/PC
8115	Master Graphics CADcelerator
8117	SORAC VideoCapture S0-212
8118	VGA/PAL Video Conversion Card
8119	VGA/NTSC Video Conversion Card
8123	NCR3350/3355 HPG Video Adapter (without ROM) ?!?!?
8127	Stone Multivideo Multiuser Terminal Adapter
8128	SPEA - HiLite
812E	NCR 3350/3355 HPG Video Adapter (without ROM)
812F	Laser Video Interface
8174	Ultra Clipper Rainbow
8175	Quad VGA
8176	Multi-VGA Video Adapter
817E	NCR 3350/3355 HPG Video Adapter (with ROM)
8182	Reply Video Adapter
8184	School Live Video-Motion NTSC/PAL Adapter
81cf	Infotronic 1600 Modular Document Image Processing Adapter
8202	Ahead VGA Enhancer-Z, Rev. A
8207	ADEX ChromaGraph II
83ff	IBM SCSI Adapter with Cache 16/32 Bit Capable SCSI-1
8484	IBM 5080 Serial Link Adapter
8787	5080 Graphics Workstation Adapter
8888	Metaphor WS2XP
8D77	IBM 32-Bit High Performance SCSI-2 Adapter
8df0	IBM Image Adapter
8df1	IBM Image with Printer/Scanner Option
8df2	DSS and Sub Card 2
8df3	DSS and Sub Card 3
8df4	IBM Image Adapter
8df5	IBM Image with Printer/Scanner Option
8df6	IBM Image-I Adapter
8ee6	SGI IRISVision Adapter
8ef1	IBM 3-Port 3270 Adapter
8ef4	IBM FDDI-Fiber/Shielded Twisted Pair
8ef5	IBM High-Performance Ethernet Adapter
8ef7	ARTIC 960 ADD System Resource
8ef8	IBM 3550 Expansion Unit with built-in SCSI Controller
8efC	IBM 32-bit Fast/Wide SCSI-2 Adapter
8efD	IBM 7568 Gearbox Model 800 Industrial Computer cached SCSI Adapter
8efE	IBM 16/32 bit SCSI Adapter
8Eff	IBM cached SCSI Adapter _or_ DASD Adapter _or_ External Unit Adapter
8F6C	Mylex DAC960M RAID Adapter
8F70	Several different adapters possible
8F82	IBM Fast/Wide Streaming-RAID SCSI-2 Adapter
8F93	IBM ServerGuard Adapter
8F9C	IBM FDDI Fiber/Copper Base Adapter
8F9E	IBM S/390 Microprocessor Complex
8fa0	IBM 32-bit Bus-master 16/4 Token Ring Adapter
8fa2	IBM Auto LANStreamer 32-bit Adapter
8fa4	IBM LANStreamer 16-bit Adapter
8fa8	IBM EtherStreamer 32-bit Ethernet Adapter
8Faa	IBM Dual LANStreamer 32-bit Adapter
8Fab	IBM Dual EtherStreamer 32-bit Ethernet Adapter
8Fbb	IBM RAID Controller
8fc3	IBM ESCON Control Unit Adapter
8fc4	IBM Personal/370 Processor
8fc8	IBM 32-bit Busmaster 16/4 Token-Ring High-Performance Network Adapter
8fcf	IBM Remote 5250 Adapter
8fd6	IBM Audiovation Adapter
8fd7	IBM W4 Adapter
8fd9	IBM XGA Video Adapter
8Fda	IBM XGA-2 Display Adapter
8Fdb	IBM XGA Display Adapter
8Fde	IBM Japanese Voice Adapter
8fe0	IBM ISDN Adapter
8fe4	IBM FDDI Single Ring Adapter
8fe5	IBM High Performance Parallel Interface (HIPPI)
8Feb	IBM MWave WindSurfer Communications Adapter
8Fec	IBM ARTIC960 Co-Processor Platform Adapter
8ffB	IBM Gearbox Model 800 486 Processor Card
8ffD	IBM POWERgraphics GTO Accelerator Interface
8fff	IBM Gearbox Model 800 386 Processor Card
901E	IBM DBCS Plasma Display Adapter
90ee	IBM SVGA Display Adapter
90ef	IBM Display Adapter
90fd	IBM Planar VGA/LCD Adapter
917A	IBM SVGA-CL28 Adapter
917B	SVGA Adapter (9595 Alternative)
A980	DVT/EVT Intel ActionMedia i750 DS1 DVI Adapter
C1ff	IBM High Speed Parallel Adapter  
cc06	ELSA XHR Spectra Video-Board
ccec	CORnet LAN Interface Adapter
Cfcf	CNET ARCnet CN190 Network Adapter
D77F	IBM 4755 Cryptographic Adapter
D7D7	ZOT-N200A Microchannel ARCnet Adapter
da8F	IBM XGA-2 Display Adapter
DbdB	ZOT-N200A Microchannel ARCnet Adapter
ddcd	IBM Synchronous/Asynchrous V.32 Internal Modem Adapter
dddd	ZOT-N200A Microchannel ARCnet Adapter
ddff	IBM ESDI Fixed Disk Controller
de90	IBM 5582 Printer/Scanner Adapter
dede	ZOT-N200A Microchannel ARCnet Adapter
deF4	IBM FDDI Single or Dual Ring Adapter 
deff	IBM Multi-Protocol Communications Adapter
df0F	InterLan Ethernet Adapter
df3F	IBM IEEE488 Adapter
df7F	IBM 3363 Optical Disk
df9F	IBM Integrated Fixed Disk ESDI-HD Adapter
dfaf	IBM 4250 Print Service Adapter
dfbf	IBM 6157 QIC-02 Streaming Tape Adapter
dfdf	ZOT-N200A Microchannel ARCnet Adapter
dfE8	Integrated Hard Disk and Controller
Dff4	IBM Wireless LAN Adapter
Dff6	IBM 3890/XP Interface Adapter
DffA	IBM 1.2MB 5.25-inch Diskette Drive Adapter
DffC	IBM InfoWindow GPIB2 Adapter
DffD	IBM/NCR ST506 Fixed Disk Adapter
E000	IBM Token-Ring Network Adapter [Tropic]
E001	IBM Token-Ring Network 16/4 Adapter [Tropic]
E00F	Token-Ring Network Adapter
E014	Several different adapters possible
E016	IBM 300/1200/2400 bps Internal Modem
E04E	IBM 3117 High Speed Scanner Adapter
E04F	IBM 3119 Scanner Adapter
E1ff	IBM 3270 Connection Version B Short Card
E400	Martin Speech Accelerator Card
E401	IBM Voicetype Dictation Adapter
E7ff	IBM 3270 Connection Version A Long Card
E8fc	IBM Infrared Wireless LAN Adapter
E9fe	IBM Expansion Unit Model 001 (Thinkpad)
E9ff	IBM Expansion Unit Model 002 (Thinkpad)
ea10	IBM Analog Input/Output Card
Eaa8	IBM Engineering Graphics Adapter (IBM internal use)
eaff	IBM 4-Port Serial Adapter
EccE	IBM Display Adapter 1.10
EceC	IBM Display Adapter 1.00
ecff	IBM 5250 Emulation Adapter
edaf	IBM P70 Plasma Display Controller (VGA)
Edd0	IBM 8-Port Asynchronous Adapter EIA-232D
Edd1	IBM 8-Port Asynchronous Adapter EIA-422A
Edd2	IBM 8-Port Asynchronous Adapter MIL-STD-188
Edd3	IBM 16-Port Asynchronous Adapter EIA-422A
Edd5	IBM Graphic Input Device Adapter
Edd6	IBM 16-Port Asynchronous Adapter EIA-232D
Edd7	IBM RAS Adapter
EddE	IBM Japanese OCR Processor Card
edff	IBM 1200/2400 Baud Internal Modem
eebb	Miracom OEM Modem
eece	IBM 4684 Device Channel
eecf	IBM 4684-300 Device Channel
eeD7	Dekko2 DUT Card
eeE7	IBM Serial Port No. 2 (IBM Model 90 Planar Serial Port)
eeff	IBM Dual Asynchronous Adapter
eeff	IBM Dual Asynchronous Adapter
ef7F	IBM 8514/A Display Adapter
ef8F	IBM Extended Asynchronous Communication Adapter
efB0	IBM ISDN Interface Co-Processor Model 2
efbf	IBM InfoWindow VGA Control Card
efcd	IBM Wide Area Connector Adapter
Efcf	IBM Store Loop Adapter
efD4	IBM Ethernet TP/AUI Network Adapter
efD5	IBM Ethernet BNC/AUI Network Adapter
efD8	IBM DBCS Display Adapter/J(apanese)
efD9	IBM Planar DBCS Font ROM
efda	IBM PCMCIA Adapter
efdc	IBM ActionMedia II Display Adapter
efdf	ASTER/2 ARCnet Controller
efE0	IBM ISDN Interface Co-Processor
efE1	300/1200/2400 bps Internal Modem
efE2	IBM FAX Concentrator Adapter
efE5	IBM Ethernet Adapter
efE6	IBM Data Exchange Adapter for 9391 Model 14
efef	IBM Baseband Network Adapter
Eff0	Several different adapters possible
Eff2	IBM G3 Adapter
Eff3	IBM MSR-J(apanese?) Adapter
Eff5	Ungermann-Bass NIC Ethernet Adapter
Eff6	IBM Personal Pageprinter Adapter
Eff8	IBM TTL Asynchronous Communication Adapter
EffD	IBM VGA Adapter
EffE	IBM Display Adapter II v1.10
Efff	IBM Video Adapter-J(apanese) v1.10
F000	IBM Bus Adapter  
F04F	IBM 3117 Scanner Adapter
F7ce	IBM EMS Support Card (for PS/55 5530Zxx ?!?)
F7F7	IBM 2-8MB 286/386SX Memory Expansion Adapter
F7fe	IBM Memory Adapter
F8fc	Dual Asynchronous + Parallel Adapter
fa74	IBM Technical Workstation Adapter
Fab7	KHEOPS Etebac Card
faff	IBM Memory Expansion Adapter
fbff	Built in Features
fcf0	Serial/Parallel Adapter (several brands)
fcf1	Vision Logic 2-Port Serial Adapter
fcf4	Vision Logic Game Port Adapter
fcfF	IBM Memory Expansion Adapter  2-8 MB 80386
FddE	IBM Enhanced Memory Adapter 80386 with ROM
FddF	IBM Enhanced Memory Adapter 80386
fe92	Several different adapters possible
FefE	IBM Memory Expansion Adapter 1-2 MB 80286
ff7F	Built in Features
ffaf	Built in Features
Ffcf	IBM Store Loop Adapter
ffde	IBM Gearbox Model 800 0-16MB Extended Memory Adapter
ffE0	IBM LAN Adapter for Ethernet 16 AND 32-bit compatible
ffE1	IBM 128-Port Asynchronous Controller EIA-232-D
fff7	Future Domain SCSI Adapter
fff8	IBM S36/38 Workstation Emulation Adapter 5250 emulation
fffE	IBM External 360K Diskette Drive Adapter
