#      This program is free software; you can redistribute it and/or modify
#      it under the terms of the GNU General Public License as published by
#      the Free Software Foundation; either version 2 of the License, or
#      (at your option) any later version.
#
#      This program is distributed in the hope that it will be useful,
#      but WITHOUT ANY WARRANTY; without even the implied warranty of
#      MERCHANTABILITY or FITNESS FOR A PARTICULAR PURPOSE.  See the
#      GNU General Public License for more details.
#
#      You should have received a copy of the GNU General Public License
#      along with this program; if not, write to the Free Software
#      Foundation, Inc., 675 Mass Ave, Cambridge, MA 02139, USA.
#
#	USB <-> modules list <-> desc.
#
# 	Maintained by Carlos E. Gorges <carlos@techlinux.com.br>
#	If you have any new entries, send them to the maintainer.

03e8:0004	CAM	se401	Endpoints/Aox SE401
03e8:0008	ETHERNET	kaweth	AOX Endpoints USB Ethernet
03ee:0000	unknown	unknown	Mitsumi CD-R/RW Drive
03f0:0101	SCANNER	scanner	Hewlett-Packard ScanJet 4100c
03f0:0102	SCANNER	scanner	Hewlett-Packard PhotoSmart S20
03f0:0104	PRINTER	unknown	Hewlett-Packard DeskJet 880c
03f0:0105	SCANNER	scanner	Hewlett-Packard ScanJet 4200c
03f0:0107	unknown	unknown	Hewlett-Packard CD-Writer Plus
03f0:0201	SCANNER	scanner	Hewlett-Packard ScanJet 6200c
03f0:0202	unknown	unknown	Hewlett-Packard PhotoSmart S20
03f0:0205	SCANNER	scanner	Hewlett-Packard ScanJet 3300c
03f0:0207	unknown	unknown	Hewlett-Packard CD-Writer Plus Mesa
03f0:0304	PRINTER	unknown	Hewlett-Packard DeskJet 812c
03f0:0401	SCANNER	scanner	Hewlett-Packard ScanJet 5200c
03f0:0404	PRINTER	unknown	Hewlett-Packard DeskJet 830c/832
03f0:0601	SCANNER	scanner	Hewlett-Packard ScanJet 6300c 
03f0:0604	PRINTER	unknown	Hewlett-Packard DeskJet 840c
03f0:0701	unknown	hpusbscsi	HP 53xx
03f0:0801	unknown	hpusbscsi	HP 7400
03f0:1004	PRINTER	unknown	Hewlett-Packard DeskJet 970Cse
03f0:3102	unknown	unknown	Hewlett-Packard PhotoSmart P1100
0400:1000	SCANNER	scanner	unknown
0400:1001	SCANNER	scanner	unknown
0403:0000	unknown	unknown	Future Technology Devices H4SMK 7 Port Multifunction Hub
0403:6001	unknown	ftdi_sio	unknown
0403:8371	MOUSE	mousedev	Future Technology Devices PS/2 Keyboard And Mouse
0403:8372	unknown	ftdi_sio	Future Technology Devices FT8U100AX Serial Port
0409:0012	ISDN	unknown	NEC Systems ATerm IT75DSU ISDN TA
0409:55aa	unknown	unknown	NEC Systems Hub
0409:55ab	unknown	unknown	NEC Systems Hub [iMac kbd]
0409:f0be	unknown	unknown	NEC Systems P!cty 920 [HP DJ 812c]
040a:0001	unknown	unknown	Kodak Co. DVC-323
040a:0002	unknown	unknown	Kodak Co. DVC-325
040a:0100	unknown	dc2xx	Kodak Co. DC-220
040a:0110	unknown	dc2xx	Kodak Co. DC-260
040a:0111	unknown	dc2xx	Kodak Co. DC-265
040a:0112	unknown	dc2xx	Kodak Co. DC-290
040a:0120	unknown	dc2xx	Kodak Co. DC-240
040a:0130	unknown	dc2xx	Kodak Co. DC-280
040a:0131	unknown	dc2xx	Kodak DC-5000
040a:0132	unknown	dc2xx	Kodak DC-3400
0411:0001	unknown	pegasus	Melco, Inc. LUA-TX Ethernet [pegasus]
0416:26ef	CAM	unknown	Winbond Electronics Corp. WC9967CF WebCam IC
0416:5518	unknown	unknown	Winbond Electronics Corp. Hub
0416:551a	unknown	unknown	Winbond Electronics Corp. PC Sync Keypad
0416:551b	unknown	unknown	Winbond Electronics Corp. PC Async Keypad
0416:551c	unknown	unknown	Winbond Electronics Corp. Sync Tenkey
0416:551d	unknown	unknown	Winbond Electronics Corp. Async Tenkey
0416:551e	unknown	unknown	Winbond Electronics Corp. Keyboard
0416:551f	unknown	unknown	Winbond Electronics Corp. Keyboard w/ Sys and Media
0416:5521	unknown	unknown	Winbond Electronics Corp. Keyboard
0416:6481	SCANNER	unknown	Winbond Electronics Corp. 16-bit Scanner
0423:0001	unknown	catc	smartBridges smartNIC
0423:000a	ETHERNET	catc	Computer Access Technology Corp. NetMate Ethernet
0423:000c	ETHERNET	catc	Computer Access Technology Corp. EL1210A Ethernet
0423:000d	unknown	unknown	Computer Access Technology Corp. USB Chief Analyzer
0423:1237	unknown	unknown	Computer Access Technology Corp. Andromeda Hub
0428:4001	unknown	unknown	Advanced Gravis Computer Tech. Ltd. GamePad Pro
0430:0005	unknown	unknown	Sun Microsystems Type 6 Keyboard
043d:0002	PRINTER	unknown	Lexmark International Inc. Optra E310 Printer
043d:0009	PRINTER	unknown	Lexmark International Inc. Optra S 2450
043d:0020	PRINTER	unknown	Lexmark International Inc. Z51
044e:2002	PRINTER	unknown	Alps Electric Co. MD-5500 Printer
044f:a0a3	JOYSTICK	unknown	ThrustMaster, Inc. Fusion Digital GamePad
0451:1446	unknown	unknown	Texas Instruments TUSB2040 Hub
0458:0001	MOUSE	mousedev	KYE Systems Corp.(Mouse Systems) Mouse
0458:0002	MOUSE	mousedev	KYE Systems Corp.(Mouse Systems) Genius NetMouse Pro
0458:0100	unknown	unknown	KYE Systems Corp.(Mouse Systems) Genitizer Tablet
0458:1004	JOYSTICK	unknown	KYE Systems Corp.(Mouse Systems) Flight2000 F-23 Joystick
0458:2001	SCANNER	scanner	KYE Systems Corp.(Mouse Systems) ColorPage-Vivid Pro Scanner
045a:0b68	MODEM	unknown	Diamond Multimedia Systems SupraMax 56K Modem
045e:0008	unknown	unknown	Microsoft Corp. SideWinder Precision Pro
045e:0009	MOUSE	mousedev	Microsoft Corp. IntelliMouse
045e:000b	unknown	unknown	Microsoft Corp. Natural Keyboard Elite
045e:0014	unknown	unknown	Microsoft Corp. Digital Sound System 80
045e:001a	unknown	unknown	Microsoft Corp. SideWinder Precision Racing Wheel
045e:001d	unknown	unknown	Microsoft Corp. Natural Keyboard Pro
045e:001e	MOUSE	mousedev	Microsoft Corp. IntelliMouse Explorer
045e:0025	MOUSE	mousedev	Microsoft Corp. IntelliEye Mouse
045e:0026	JOYSTICK	unknown	Microsoft Corp. SideWinder GamePad Pro
045e:0027	JOYSTICK	unknown	Microsoft Corp. SideWinger PnP GamePad
0461:0300	SCANNER	scanner	Primax Electronics G2-300 Scanner
0461:0301	SCANNER	scanner	Primax Electronics G2E-300 Scanner
0461:0302	SCANNER	scanner	Primax Electronics G2-300 #2 Scanner
0461:0303	SCANNER	scanner	Primax Electronics G2E-300 #2 Scanner
0461:0340	SCANNER	scanner	Primax Electronics Colorado 9600 Scanner
0461:0341	SCANNER	scanner	Primax Electronics Colorado 600u Scanner
0461:0360	SCANNER	scanner	Primax Electronics Colorado 19200 Scanner
0461:0361	SCANNER	scanner	Primax Electronics Colorado 1200u Scanner
0461:0380	SCANNER	scanner	Primax Electronics G2-600 Scanner
0461:0381	SCANNER	scanner	Primax Electronics ReadyScan 636i Scanner
0461:0382	SCANNER	scanner	Primax Electronics G2-600 #2 Scanner
0461:0383	SCANNER	scanner	Primax Electronics G2E-600 Scanner
0461:0813	CAM	ultracam	NB Camera driver
0461:4d01	unknown	unknown	Primax Electronics Comfort
0461:4d02	MOUSE	mousedev	Primax Electronics Mouse-in-a-Box
046a:0001	unknown	unknown	Cherry Mikroschalter GmbH My3000 Keyboard
046a:0003	unknown	unknown	Cherry Mikroscholter GmbH MY3000 Keyboard+Hub
046d:0203	unknown	unknown	Logitech Inc. M2452 keyboard
046d:0301	MOUSE	mousedev	Logitech Inc. M4848 mouse
046d:0801	CAM	unknown	Logitech Inc. QuickCam Home
046d:0810	CAM	unknown	Logitech Inc. QuickCam Pro
046d:0840	CAM	unknown	Logitech Inc. QuickCam Express
046d:c000	MOUSE	mousedev	Logitech Inc. N43 [Pilot Mouse]
046d:c001	MOUSE	mousedev	Logitech Inc. N48 / M-BB48 [FirstMouse Plus]
046d:c002	MOUSE	mousedev	Logitech Inc. M-BA47 [MouseMan Plus]
046d:c004	MOUSE	mousedev	Logitech Inc. WingMan Gaming Mouse
046d:c00c	MOUSE	mousedev	Logitech Inc. Mouse
046d:c208	JOYSTICK	unknown	Logitech Inc. WingMan GamePad Extreme
046d:c281	JOYSTICK	iforce	Logitech Inc. WingMan Force Joystick
046e:6782	unknown	unknown	Behavior Tech. Computer BTC 7932 keyboard
0471:0101	unknown	unknown	Philips DSS350 Digital Speaker System
0471:0104	unknown	unknown	Philips UDA1321 Digital Speaker System
0471:0201	unknown	unknown	Philips LCD+Hub
0471:0302	CAM	unknown	Philips PCA645VC WebCam
0471:0303	CAM	unknown	Philips PCA646VC WebCam
0471:0307	CAM	unknown	Philips PCVC675K WebCam
0471:0308	CAM	unknown	Philips PCVC680K WebCam
0471:030b	CAM	se401	Philips PCVC665K
0471:0471	unknown	unknown	Philips Digital Speaker System
0478:0001	CAM	unknown	Connectix Corp. QuickCam VC WebCam
047b:0002	JOYSTICK	unknown	Silitek Corp. Joystick (?)
047d:1003	unknown	unknown	Kensington Orbit TrackBall
047d:1005	unknown	unknown	Kensington TurboBall
047d:5001	CAM	se401	Kensington 67014
047d:5002	CAM	se401	Kensington 6701(5/7)
047d:5003	CAM	se401	Kensington 67016
047e:1001	unknown	uss720	Lucent Microelectronics USS720 Parallel Port
047e:f101	MODEM	unknown	Lucent Microelectronics Atlas Modem
0483:7554	MODEM	unknown	SGS Thomson Microelectronics 56k SoftModem
049c:0002	unknown	unknown	Acer Advanced Labs, Inc. Keyboard (???)
049f:505a	unknown	usbnet	unknown
04a5:0001	unknown	unknown	Acer Peripherals Inc. Keyboard
04a5:12a6	SCANNER	unknown	Acer Peripherals Inc. AcerScan C310U
04a5:2040	SCANNER	scanner	Prisa AcerScan 620U
04a5:2060	SCANNER	scanner	Acer Peripherals Inc. Prisa AcerScan
04a5:2022	SCANNER	scanner	Vuego Scan Brisa 340U
04a5:9213	unknown	unknown	Acer Peripherals Inc. Kbd Hub
04a7:0221	SCANNER	scanner	Visioneer OneTouch 5300 Scanner
04a7:0222	SCANNER	unknown	Visioneer OneTouch 7600 Scanner
04a7:0231	SCANNER	scanner	Visioneer 6100 Scanner
04a9:1051	PRINTER	unknown	Canon Inc. BJC-3000 Color Printer
04a5:2022	SCANNER	scanner	unknown
04a5:2040	SCANNER	scanner	unknown
04a7:0211	SCANNER	scanner	unknown
04a7:0311	SCANNER	scanner	unknown
04a7:0321	SCANNER	scanner	unknown
04a7:0331	SCANNER	scanner	unknown
04b8:0106	SCANNER	scanner	unknown
04b8:0107	SCANNER	scanner	unknown
04b8:010a	SCANNER	scanner	unknown
04b8:010b	SCANNER	scanner	unknown
04b8:010c	SCANNER	scanner	unknown
04a9:3041	unknown	unknown	Canon Inc. PowerShot S10
04b3:4525	unknown	unknown	IBM Corp. Double sided CRT
04b3:4550	unknown	unknown	IBM Corp. NVRAM (128 KB)
04b3:4554	unknown	unknown	IBM Corp. Cash Drawer
04b3:4580	unknown	unknown	IBM Corp. Hub w/ NVRAM
04b3:4581	unknown	unknown	IBM Corp. 4800-2xx Hub w/ Cash Drawer
04b3:4604	unknown	unknown	IBM Corp. Keyboard w/ Card Reader
04b3:4671	unknown	unknown	IBM Corp. 4820 LCD w/ MSR/KB
04b4:0001	MOUSE	mousedev	Cypress Semiconductor Mouse
04b4:0002	unknown	unknown	Cypress Semiconductor CY7C63x0x Thermometer
04b4:1002	unknown	dsbr100	Cypress Semiconductor R100 Radio
04b4:d5d5	JOYSTICK	unknown	Cypress Semiconductor CY7C63x0x Zoltrix Z-Boxer GamePad
04b8:0001	PRINTER	unknown	Seiko Epson Corp. Stylus Color 740
04b8:0002	unknown	unknown	Seiko Epson Corp. ISD Smart Cable for Mac
04b8:0003	unknown	unknown	Seiko Epson Corp. ISD Smart Cable
04b8:0005	PRINTER	unknown	Seiko Epson Corp. Stylus Color 760 / M800C
04b8:0101	SCANNER	scanner	Seiko Epson Corp. Perfection 636
04b8:0103	SCANNER	scanner	Seiko Epson Corp. Perfection 610
04b8:0104	SCANNER	scanner	Seiko Epson Corp. Perfection 1200U
04bb:0901	ETHERNET	kaweth	I-O DATA USB-ET/T
04bb:0904	unknown	pegasus	I-O Data Device, Inc. ET/TX Ethernet [pegasus]
04bf:0100	unknown	unknown	TDK Corp. MediaReader CF
04c1:0082	MODEM	unknown	U.S. Robotics (3Com) OfficeConnect Analog Modem
04c1:008f	ISDN	unknown	U.S. Robotics (3Com) Pro ISDN TA
04c1:009d	CAM	unknown	U.S. Robotics (3Com) HomeConnect WebCam
04c1:3021	MODEM	unknown	U.S. Robotics (3Com) 56k Voice FaxModem Pro
04c8:0720	unknown	unknown	Konica Corp. Digital Color Camera
04cb:0100	unknown	unknown	Fuji Photo Film Co., Ltd. FinePix 4700 Zoom / FinePix 1400z digital camrea
04cb:0103	PRINTER	unknown	Fuji Photo Film Co., Ltd. FinePix NX-700 printer
04ce:0300	SCANNER	microtek	unknown
04d2:ff05	unknown	unknown	Altec Lansing Technologies ADA-305 Speakers
04e6:0001	unknown	unknown	SCM Microsystems E-USB ATA Bridge
04e6:0002	unknown	unknown	SCM Microsystems E-USB SCSI Bridge
04e6:0006	unknown	unknown	Shuttle Technology Inc. eUSB MultiMedia Card Reader
04e6:0101	unknown	unknown	Shuttle Technology Inc. E-USB ATA Bridge
04f2:0001	unknown	unknown	Chicony Electronics Co., Ltd. KU-8933 Keyboard
04f2:0002	unknown	unknown	Chicony Electronics Co., Ltd. NT68P81 Keyboard
04f9:0002	PRINTER	unknown	Brother Industries, Ltd. HL-1050 Laser Printer
04fa:4201	unknown	unknown	Dallas Semiconductor DS4201 Audio DAC
0506:03e8	ETHERNET	kaweth	3Com 3C19250
050d:0004	unknown	usbnet	unknown
050d:0103	unknown	belkin_sa	unknown
050f:0003	unknown	unknown	KC Technology Inc. KC82C160S Hub
051d:0002	unknown	unknown	American Power Conversion Back-UPS Pro 500
0525:1080	unknown	usbnet	Netchip Technology Inc. NET1080 USB-USB Bridge
0529:0001	unknown	unknown	Aladdin Knowledge Systems USB-HASP 0.06
0531:0010	unknown	unknown	Wacom Technology Corp. Graphire
0531:0021	unknown	unknown	Wacom Technology Corp. Intuos A5
0540:0101	ISDN	unknown	UniAccess AB Panache Surf ISDN TA
0543:00fe	unknown	unknown	ViewSonic Corp. G773 Monitor Hub
0543:00ff	unknown	unknown	ViewSonic Corp. P815 Monitor Hub
0543:4153	unknown	unknown	ViewSonic Corp. ViewSonic G773 Control (?)
0545:8002	CAM	ibmcam	IBM NetCamera
0545:8080	CAM	ibmcam	Xirlink, Inc. C-It WebCam
0547:2131	unknown	dabusb	Anchor Chips Inc. AN2131 EZUSB Microcontroller
0547:2720	unknown	usbnet	Anchor Chips 
0547:9999	unknown	dabusb	Anchor Chips Inc. AN2131 uninitialized (???)
054c:0010	unknown	unknown	Sony Corp. DSC-F505 Cybershot Digital Camera
0553:0002	unknown	cpia_usb	VLSI Vision Ltd. CPiA WebCam
0557:2001	unknown	uss720	ATEN International Co. Ltd. UC-1284 Printer Port
0557:2002	ETHERNET	kaweth	ATEN International Co. Ltd. 10Mbps Ethernet [klsi]
0557:2006	unknown	unknown	ATEN International Co. Ltd. UC-1284B Printer Port
0557:4000	ETHERNET	kaweth	ATEN International Co. Ltd. DSB-650C 10Mbps Ethernet [klsi]
055f:0001	SCANNER	scanner	Mustek Systems Inc. ScanExpress 1200 CU
055f:0002	SCANNER	scanner	unknown
055f:0003	SCANNER	scanner	unknown
055f:0006	SCANNER	scanner	unknown
055f:0008	SCANNER	scanner	unknown
055f:a800	CAM	mdc800	Mustek Systems Inc. MDC 800 Camera
0562:0001	unknown	unknown	Telex Communications Inc. Enhanced Microphone
0565:0001	unknown	belkin_sa	Peracom Networks, Inc. Serial Port
0565:0002	ETHERNET	kaweth	Peracom Networks, Inc. Enet Ethernet [klsi]
0565:0005	ETHERNET	kaweth	Peracom Networks, Inc. Enet2 Ethernet [klsi]
056a:0000	unknown	wacom	Wacom Co., Ltd. PenPartner
056a:0010	unknown	wacom	Wacom Co., Ltd. Graphire
056a:0020	unknown	wacom	Wacom Co., Ltd. Intuos 4x5
056a:0021	unknown	wacom	Wacom Co., Ltd. Intuos 6x8
056a:0022	unknown	wacom	Wacom Co., Ltd. Intuos 9x12
056a:0023	unknown	wacom	Wacom Co., Ltd. Intuos 12x12
056a:0024	unknown	wacom	Wacom Co., Ltd. Intuos 12x18
056a:0031	unknown	wacom	unknown
056c:8007	unknown	belkin_sa	eTEK Labs Kwik232 Serial Port
056c:8100	unknown	usbnet	unknown
056c:8101	unknown	unknown	eTEK Labs KwikLink USB-USB Bridge
056d:0000	unknown	unknown	EIZO Corp. Eizo T68 Hub
056d:0001	unknown	unknown	EIZO Corp. Monitor
056e:0002	MOUSE	mousedev	Elecom Co., Ltd. 29UO Mouse
056e:4002	unknown	pegasus	Elecom Co., Ltd. Laneed 100Mbps Ethernet LD-USB/TX [pegasus]
0572:1232	unknown	unknown	Conexant Systems (Rockwell), Inc. V.90 modem
0573:4d02	unknown	unknown	Nogatech Ltd. NT1003 Frame Grabber
0573:4d11	unknown	unknown	Nogatech Ltd. NT1003 Frame Grabber
057b:0000	unknown	unknown	Y-E Data, Inc. FlashBuster-U
0583:2030	unknown	unknown	Padix (Rockfire) Co. Ltd. RM-203 USB Nest [mode 1]
0583:2031	unknown	unknown	Padix (Rockfire) Co. Ltd. RM-203 USB Nest [mode 2]
0583:2032	unknown	unknown	Padix (Rockfire) Co. Ltd. RM-203 USB Nest [mode 3]
0583:2033	unknown	unknown	Padix (Rockfire) Co. Ltd. RM-203 USB Nest [mode 4]
0583:3050	JOYSTICK	unknown	Padix (Rockfire) Co. Ltd. QF-305u Gamepad
0583:7070	JOYSTICK	unknown	Padix (Rockfire) Co. Ltd. QF-707u Joystick [Bazooka]
0586:1000	ISDN	omninet	ZyXEL Communications Corp. Omni NET ISDN TA
058f:9213	unknown	unknown	Alcor Micro, Inc. MacAlly Kbd Hub
058f:9215	unknown	unknown	Alcor Micro, Inc. AU9814 Hub
058f:9410	unknown	unknown	Alcor Micro, Inc. MicroConnectors/StrongMan Keyboard
058f:9472	unknown	unknown	Alcor Micro, Inc. NEC Kbd Hub
0596:0001	unknown	unknown	MicroTouch Systems Inc. Touchscreen
059b:0001	FLOPPY	unknown	Iomega Corp. Zip 100
059b:000b	FLOPPY	unknown	Iomega Corp. Zip 100s
059b:0030	FLOPPY	unknown	Iomega Corp. Zip 250
059b:0040	unknown	unknown	Iomega Corp. SCSI Bridge
059f:a601	unknown	unknown	LaCie HardDrive
05a4:9731	unknown	unknown	Ortek Technology, Inc. MCK-600W Keyboard
05a9:0511	CAM	ov511	OmniVision Technologies, Inc. OV511 WebCam
05a9:a511	CAM	ov511	OmniVision Technologies, Inc. OV511+ WebCam
05ab:0002	unknown	unknown	In-System Design Parallel Port
05ab:0200	unknown	unknown	In-System Design ATA Bridge
05ac:0201	unknown	unknown	Apple Computer iMac Keyboard [ALPS M2452]
05ac:0301	MOUSE	mousedev	Apple Computer iMac Mouse
05b8:3002	MOUSE	mousedev	Agiler, Inc. Scroll Mouse
05c5:0002	unknown	digi_acceleport	unknown
05c5:0004	unknown	digi_acceleport	unknown
05c7:1001	MOUSE	mousedev	Qtronix Corp Lynx Mouse
05c7:2011	unknown	unknown	Qtronix Corp Scorpius Keyboard
05ca:0101	unknown	unknown	Ricoh Company Ltd. RDC-5300 Digital Camera
05cc:2219	ISDN	unknown	ELSA AG MicroLink ISDN
05cc:2265	MODEM	unknown	ELSA AG MicroLink 56k
05da:0093	SCANNER	unknown	Microtek International Inc. ScanMaker V6USL
05da:0094	SCANNER	microtek	Microtek International Inc. Phantom 336CX/C3
05da:0099	SCANNER	microtek	Microtek International Inc. ScanMaker X6/X6U
05da:009a	SCANNER	microtek	Microtek International Inc. Phantom C6
05da:00a0	SCANNER	microtek	Microtek International Inc. Phantom 336CX/C3 (#2)
05da:00a3	SCANNER	microtek	unknown
05da:80a3	SCANNER	microtek	Microtek International Inc. ScanMaker V6USL (#2)
05da:80ac	SCANNER	microtek	Microtek International Inc. ScanMaker V6UL/SpicyU
05e9:0008	ETHERNET	kaweth	Kawasaki LSI KL5KUSB101B Ethernet [klsi]
05e9:0009	ETHERNET	kaweth	Kawasaki LSI Sony 10Mbps Ethernet [pegasus]
05f0:0101	unknown	unknown	Canopus Co., Ltd. DA-Port DAC
05f3:020b	unknown	unknown	PI Engineering, Inc. PS2 Adapter
05fd:0253	unknown	unknown	InterAct, Inc. ProPad 8 Digital
05fe:0001	MOUSE	mousedev	Chic Technology Corp. Mouse
0602:1001	CAM	unknown	Vista Imaging Inc. ViCam WebCam
0603:6871	MOUSE	mousedev	Novatek Microelectronics Corp. Mouse
060b:0001	unknown	unknown	Solid Year (?) MacAlly Keyboard
060b:2101	unknown	unknown	Solid Year (?) Solid Year Keyboard
0618:0101	MOUSE	mousedev	MacAlly Mouse
0638:0268	SCANNER	scanner	Avision, Inc. iVina 1200U Scanner
0638:026a	unknown	hpusbscsi	Scan Dual II
0644:0000	unknown	unknown	TEAC Floppy drive-05PUB
066b:0105	unknown	unknown	Linksys Inc. SCM eUSB SmartMedia Card Reader
066b:2202	ETHERNET	kaweth	Linksys Inc. USB10T Ethernet [klsi]
066b:2203	ETHERNET	pegasus	Linksys Inc. USB100TX Ethernet [pegasus]
066b:2204	ETHERNET	pegasus	Linksys Inc. USB100TX Ethernet [pegasus]
066b:2206	ETHERNET	pegasus	Linksys Inc. USB Ethernet [pegasus]
0672:1041	unknown	unknown	Labtec Inc. LCS1040 Speaker System
0675:0110	ISDN	unknown	Draytech Vigor 128 ISDN TA
067b:0000	unknown	usbnet	Prolific Technology, Inc. PL2301 USB-USB Bridge
067b:0001	unknown	usbnet	Prolific Technology, Inc. PL2302 USB-USB Bridge
067c:4060	unknown	unknown	Efficient Networks, Inc. Alcatel Speedstream 4060 ADSL Modem
068e:0500	JOYSTICK	unknown	CH Products, Inc. GameStick 3D
068e:0504	JOYSTICK	unknown	CH Products, Inc. F-16 Combat Stick
0693:0002	unknown	unknown	Hagiwara Sys-Com FlashGate SmartMedia Card Reader
0693:0003	unknown	unknown	Hagiwara Sys-Com FlasgGate CompactFlash Card Reader
0698:9999	unknown	unknown	Chuntex (CTX) VL710S Monitor+Hub
069a:0001	CAM	unknown	Askey Computer Corp. WebCam
06bd:0001	SCANNER	scanner	AGFA-Gevaert NV SnapScan 1212U
06bd:0002	SCANNER	scanner	SnapScan 1236U
06bd:0100	SCANNER	scanner	AGFA-Gevaert NV SnapScan Touch
06bd:2061	SCANNER	scanner	AGFA-Gevaert NV SnapScan 1212U (???)
06cd:0101	unknown	keyspan	unknown
06cd:0102	unknown	keyspan	unknown
06cd:0103	unknown	keyspan_pda	Keyspan Keyspan PDA
06cd:0104	unknown	keyspan_pda	Keyspan Keyspan PDA
06cd:0105	unknown	keyspan	unknown
06cd:0106	unknown	keyspan	unknown
06cd:0107	unknown	keyspan	unknown
06cd:0108	unknown	keyspan	unknown
06cd:0109	unknown	keyspan	unknown
06cd:010a	unknown	keyspan	unknown
06e0:f104	MODEM	unknown	Multi-Tech Systems, Inc. MT5634ZBA MultiModem 56k 
06cd:010f	unknown	keyspan	unknown
06cd:0110	unknown	keyspan	unknown
06cd:0112	unknown	keyspan	unknown
06e1:0008	ETHERNET	kaweth	ADS Technologies, Inc. UBS-10BT Ethernet [klsi]
06e1:0009	ETHERNET	kaweth	ADS Technologies, Inc. UBS-10BT Ethernet
06ea:0001	MODEM	unknown	Sirius Technologies NetCom Roadster II 56k
0707:0100	ETHERNET	kaweth	Standard Microsystems Corp 2202 Ethernet [klsi]
0707:0200	ETHERNET	pegasus	Standard Microsystems Corp 2202 Ethernet [pegasus]
0710:0001	unknown	whiteheat	Connect Tech Inc. WhiteHeat (fake ID)
0710:8001	unknown	whiteheat	Connect Tech Inc. WhiteHeat
0711:0200	unknown	mct_u232	unknown
0711:0210	unknown	mct_u232	Magic Control Technology Corp. MCT1S Serial Port
0711:0230	unknown	mct_u232	unknown
0729:1284	unknown	uss720	unknown
072f:0001	unknown	unknown	ACS, Ltd. ACR20U SmartCard Reader
0733:0401	CAM	unknown	ViewQuest Technologies, Inc. CS330 WebCam
0733:0430	CAM	unknown	ViewQuest Technologies, Inc. Intel Pro Share WebCam
0734:0001	MODEM	unknown	Lasat Communications A/S 560V Modem
0735:c541	ISDN	unknown	Asuscom Network ISDN TA 280
0763:1001	unknown	unknown	Midiman Midisport 2x2
077c:0005	unknown	unknown	Forward Electronics Co., Ltd. NEC Keyboard
0781:0001	unknown	unknown	SanDisk Corp. Compact Flash Reader
0781:0200	unknown	unknown	SanDisk Corp. SDDR-09-01 ImageMate SmartMedia Reader
0785:0001	ISDN	unknown	NTT-ME MN128mini-V ISDN TA
07a6:0986	ETHERNET	pegasus	ADMtek Incorporated AN986 Pegasus Ethernet
07a6:8511	unknown	pegasus	unknown
07aa:0001	ETHERNET	kaweth	Correga K.K. Ether USB-T Ethernet [klsi]
07aa:0004	ETHERNET	pegasus	Correga K.K. FEther USB-TX Ethernet [pegasus]
07ab:fc01	unknown	unknown	Memorex BBQ Series 100 CD-R/RW
07af:0004	unknown	unknown	Microtech SCSI-DB25 SCSI Bridge [shuttle]
07af:0005	unknown	unknown	Microtech SCSI-HD50 SCSI Bridge [shuttle]
07af:0006	unknown	unknown	Microtech CameraMate
07b8:4000	ETHERNET	kaweth	D-Link ,Inc. DU-E10 Ethernet
07b8:4002	ETHERNET	pegasus	D-Link, Inc. DU-E100 Ethernet [pegasus]
07b8:abc1	ETHERNET	pegasus	D-Link, Inc. DU-E10 Ethernet [pegasus]
07c4:a000	unknown	unknown	Datafab Systems Inc. Simple Technologies Flash Card Reader
07cc:0004	unknown	unknown	SIIG DigiFilm-Combo Reader
07cf:1001	unknown	unknown	Casio Computer Co., Ltd. QV-8000SX Digicam
07e1:5201	MODEM	unknown	Ambient Technologies, Inc. V.90 Modem
0803:9700	MODEM	unknown	Zoom Telephonics, Inc. 2986L FaxModem
0813:0001	unknown	cpia_usb	unknown
0813:0002	unknown	ov511	Intel Play Me2Cam OV511+
082d:0100	unknown	visor	Handspring Visor
083a:1046	ETHERNET	pegasus	Accton Technology Corp. 10/100 Ethernet [pegasus]
0841:0001	unknown	rio500	Rioport.com Inc. Rio 500
0846:1001	ETHERNET	kaweth	NetGear, Inc. EA101 Ethernet [klsi]
0846:1002	ETHERNET	kaweth	NetGear, Inc. EA101 Ethernet
084f:0001	unknown	empeg	unknown
0854:0100	unknown	unknown	ActiveWire Inc. I/O Board
0854:0101	unknown	unknown	ActiveWire Inc. I/O Board, rev1
085a:0008	ETHERNET	kaweth	PortGear Ethernet Adapter
085a:0009	ETHERNET	kaweth	PortGear Ethernet Adapter
0871:0001	unknown	unknown	SanDisk, Inc. SDDR-01 Compact Flash Reader
0871:0002	unknown	unknown	SanDisk, Inc. SDDR-31 Compact Flash Reader
0871:0005	unknown	unknown	SanDisk, Inc. SDDR-05 Compact Flash Reader
087d:5704	ETHERNET	kaweth	Jaton USB Ethernet Device Adapter
088b:4944	unknown	id75	MassWorks ID-75
08b8:01f4	unknown	unknown	J. Gordon Electronic Design, Inc. USBSIMM1
08d1:0001	unknown	unknown	smartBridges Pte Ltd. smartNIC PnP Network Adapter
08dd:0986	ETHERNET	pegasus	Billionton Systems, Inc. USB100N Ethernet [pegasus]
08dd:0987	unknown	pegasus	unknown
08dd:0988	unknown	pegasus	unknown
08dd:8511	unknown	pegasus	unknown
0921:0100	unknown	belkin_sa	unknown
0951:0008	ETHERNET	kaweth	Kingston Technology USB Ethernet Adapter
095a:3003	ETHERNET	kaweth	Portsmith Express Ethernet Adapter 
0ff5:0010	SCANNER	scanner	unknown
1046:9967	CAM	unknown	Creative Labs (?) WebCam Go
1063:1555	unknown	unknown	Motorola MC141555 Hub
10b5:9060	unknown	unknown	PLX Test Board
10bd:1427	ETHERNET	kaweth	ASANTE USB To Ethernet Adapter
1132:4331	unknown	unknown	Toshiba PDR-M4 Digital Camera
1183:4008	MODEM	acm	Compaq USB 56k FaxModem
1293:0002	unknown	uss720	unknown
1293:2101	unknown	unknown	Belkin (???) 104-key keyboard
1342:0204	ETHERNET	kaweth	Mobility USB-Ethernet Adapter
13d2:0400	ETHERNET	kaweth	Shark Multimedia Pocket Ethernet [klsi]
1484:1746	unknown	unknown	Elsa monitor (?) Ecomo 19H99 Monitor
1484:7616	unknown	unknown	Elsa monitor (?) Elsa Hub
15e8:9100	unknown	pegasus	unknown
1606:0002	unknown	unknown	Umax Astra 1236U
1606:0010	SCANNER	scanner	Umax Astra 1220U
1606:0030	SCANNER	scanner	Umax Astra 2000U
1606:0230	SCANNER	scanner	unknown
1606:2020	unknown	unknown	Umax AstraCam 1000
1608:0001	unknown	io_edgeport	Inside Out Networks EdgePort/4 Serial Port
1608:0003	unknown	io_edgeport	unknown
1608:0004	unknown	io_edgeport	unknown
1608:0005	unknown	io_edgeport	unknown
1608:0006	unknown	io_edgeport	unknown
1608:0007	unknown	io_edgeport	unknown
1608:000b	unknown	io_edgeport	unknown
1608:000c	unknown	io_edgeport	unknown
1608:000d	unknown	io_edgeport	unknown
1608:000e	unknown	io_edgeport	unknown
1608:000f	unknown	io_edgeport	unknown
1608:0010	unknown	io_edgeport	unknown
1608:0011	unknown	io_edgeport	unknown
1608:0012	unknown	io_edgeport	unknown
1608:0013	unknown	io_edgeport	unknown
1608:0014	unknown	io_edgeport	unknown
1645:0001	unknown	unknown	Entrega 1S Serial Port
1645:0002	unknown	unknown	Entrega 2S Serial Port
1645:0003	unknown	unknown	Entrega 1S25 Serial Port
1645:0004	unknown	unknown	Entrega 4S Serial Port
1645:0005	ETHERNET	kaweth	Entrega E45 Ethernet [klsi]
1645:0006	unknown	unknown	Entrega (???) Parallel Port
1645:0007	unknown	unknown	Entrega U1-SC25 SCSI
1645:0008	ETHERNET	kaweth	Entrega USB Ethernet Adapter
1645:0093	unknown	unknown	Entrega 1S9 Serial Port
1645:8000	unknown	unknown	Entrega EZ-USB
1645:8002	unknown	unknown	Entrega (???) 2x Serial Port
1645:8005	ETHERNET	kaweth	PortGear Ethernet Adapter
1645:8093	unknown	unknown	Entrega PortGear Serial Port
1690:0101	MODEM	unknown	Creative Labs Modem Blaster DE5670
2001:4000	ETHERNET	kaweth	D-Link Corp DSB-650C Ethernet [klsi]
2001:4001	ETHERNET	pegasus	D-Link Corp DSB-650TX Ethernet (?) [pegasus]
2001:4002	ETHERNET	pegasus	D-Link Corp DSB-650TX Ethernet [pegasus]
2001:4003	ETHERNET	pegasus	D-Link Corp DSB-650TX-PNA Ethernet [pegasus]
2001:abc1	unknown	pegasus	unknown
2304:0111	unknown	unknown	Pinnacle Systems, Inc. Studio PCTV (Pal) Frame Grabber
55aa:1234	unknown	unknown	OnSpec Electronic Inc. ATAPI Bridge
6666:0667	unknown	unknown	Eclectic VG SmartJoy PSX
8086:9890	unknown	unknown	Intel Corp. 82930 Test Board
f003:6002	unknown	dc2xx	HP PhotoSmart C500
